Component: ARM Compiler 5.05 update 1 (build 106) Tool: armlink [4d0efa]

==============================================================================

Section Cross References

    startup_stm32g474xx.o(STACK) refers (Special) to heapauxi.o(.text) for __use_two_region_memory
    startup_stm32g474xx.o(HEAP) refers (Special) to heapauxi.o(.text) for __use_two_region_memory
    startup_stm32g474xx.o(RESET) refers (Special) to heapauxi.o(.text) for __use_two_region_memory
    startup_stm32g474xx.o(RESET) refers to startup_stm32g474xx.o(STACK) for __initial_sp
    startup_stm32g474xx.o(RESET) refers to startup_stm32g474xx.o(.text) for Reset_Handler
    startup_stm32g474xx.o(RESET) refers to stm32g4xx_it.o(i.NMI_Handler) for NMI_Handler
    startup_stm32g474xx.o(RESET) refers to stm32g4xx_it.o(i.HardFault_Handler) for HardFault_Handler
    startup_stm32g474xx.o(RESET) refers to stm32g4xx_it.o(i.MemManage_Handler) for MemManage_Handler
    startup_stm32g474xx.o(RESET) refers to stm32g4xx_it.o(i.BusFault_Handler) for BusFault_Handler
    startup_stm32g474xx.o(RESET) refers to stm32g4xx_it.o(i.UsageFault_Handler) for UsageFault_Handler
    startup_stm32g474xx.o(RESET) refers to stm32g4xx_it.o(i.SVC_Handler) for SVC_Handler
    startup_stm32g474xx.o(RESET) refers to stm32g4xx_it.o(i.DebugMon_Handler) for DebugMon_Handler
    startup_stm32g474xx.o(RESET) refers to stm32g4xx_it.o(i.PendSV_Handler) for PendSV_Handler
    startup_stm32g474xx.o(RESET) refers to stm32g4xx_it.o(i.SysTick_Handler) for SysTick_Handler
    startup_stm32g474xx.o(RESET) refers to stm32g4xx_it.o(i.DMA1_Channel1_IRQHandler) for DMA1_Channel1_IRQHandler
    startup_stm32g474xx.o(RESET) refers to stm32g4xx_it.o(i.USART1_IRQHandler) for USART1_IRQHandler
    startup_stm32g474xx.o(RESET) refers to stm32g4xx_it.o(i.EXTI15_10_IRQHandler) for EXTI15_10_IRQHandler
    startup_stm32g474xx.o(.text) refers (Special) to heapauxi.o(.text) for __use_two_region_memory
    startup_stm32g474xx.o(.text) refers to system_stm32g4xx.o(i.SystemInit) for SystemInit
    startup_stm32g474xx.o(.text) refers to __main.o(!!!main) for __main
    startup_stm32g474xx.o(.text) refers to startup_stm32g474xx.o(HEAP) for Heap_Mem
    startup_stm32g474xx.o(.text) refers to startup_stm32g474xx.o(STACK) for Stack_Mem
    main.o(i.HAL_ADC_ConvCpltCallback) refers to fft.o(i.fft) for fft
    main.o(i.HAL_ADC_ConvCpltCallback) refers to fft.o(i.ADC_Get) for ADC_Get
    main.o(i.HAL_ADC_ConvCpltCallback) refers to adc.o(.bss) for hadc1
    main.o(i.SystemClock_Config) refers to rt_memclr_w.o(.text) for __aeabi_memclr4
    main.o(i.SystemClock_Config) refers to stm32g4xx_hal_pwr_ex.o(i.HAL_PWREx_ControlVoltageScaling) for HAL_PWREx_ControlVoltageScaling
    main.o(i.SystemClock_Config) refers to stm32g4xx_hal_rcc.o(i.HAL_RCC_OscConfig) for HAL_RCC_OscConfig
    main.o(i.SystemClock_Config) refers to stm32g4xx_hal_rcc.o(i.HAL_RCC_ClockConfig) for HAL_RCC_ClockConfig
    main.o(i.main) refers to stm32g4xx_hal.o(i.HAL_Init) for HAL_Init
    main.o(i.main) refers to main.o(i.SystemClock_Config) for SystemClock_Config
    main.o(i.main) refers to gpio.o(i.MX_GPIO_Init) for MX_GPIO_Init
    main.o(i.main) refers to dma.o(i.MX_DMA_Init) for MX_DMA_Init
    main.o(i.main) refers to usart.o(i.MX_USART1_UART_Init) for MX_USART1_UART_Init
    main.o(i.main) refers to adc.o(i.MX_ADC1_Init) for MX_ADC1_Init
    main.o(i.main) refers to tim.o(i.MX_TIM3_Init) for MX_TIM3_Init
    main.o(i.main) refers to dac.o(i.MX_DAC4_Init) for MX_DAC4_Init
    main.o(i.main) refers to opamp.o(i.MX_OPAMP4_Init) for MX_OPAMP4_Init
    main.o(i.main) refers to delay.o(i.delay_init) for delay_init
    main.o(i.main) refers to myusart1.o(i.MyUSART1_Init) for MyUSART1_Init
    main.o(i.main) refers to oled_i2c.o(i.OLED_Init) for OLED_Init
    main.o(i.main) refers to oled_i2c.o(i.OLED_CLS) for OLED_CLS
    main.o(i.main) refers to oled_i2c.o(i.BackGround) for BackGround
    main.o(i.main) refers to fft.o(i.ADC_Init) for ADC_Init
    main.o(i.main) refers to stm32g4xx_hal_opamp.o(i.HAL_OPAMP_Start) for HAL_OPAMP_Start
    main.o(i.main) refers to stm32g4xx_hal_dac.o(i.HAL_DAC_Start) for HAL_DAC_Start
    main.o(i.main) refers to stm32g4xx_hal_dac.o(i.HAL_DAC_SetValue) for HAL_DAC_SetValue
    main.o(i.main) refers to usart.o(.bss) for huart1
    main.o(i.main) refers to opamp.o(.bss) for hopamp4
    main.o(i.main) refers to dac.o(.bss) for hdac4
    gpio.o(i.MX_GPIO_Init) refers to rt_memclr_w.o(.text) for __aeabi_memclr4
    gpio.o(i.MX_GPIO_Init) refers to stm32g4xx_hal_gpio.o(i.HAL_GPIO_WritePin) for HAL_GPIO_WritePin
    gpio.o(i.MX_GPIO_Init) refers to stm32g4xx_hal_gpio.o(i.HAL_GPIO_Init) for HAL_GPIO_Init
    gpio.o(i.MX_GPIO_Init) refers to stm32g4xx_hal_cortex.o(i.HAL_NVIC_SetPriority) for HAL_NVIC_SetPriority
    gpio.o(i.MX_GPIO_Init) refers to stm32g4xx_hal_cortex.o(i.HAL_NVIC_EnableIRQ) for HAL_NVIC_EnableIRQ
    adc.o(i.HAL_ADC_MspDeInit) refers to stm32g4xx_hal_gpio.o(i.HAL_GPIO_DeInit) for HAL_GPIO_DeInit
[...]
    sysClkFreq                               0x20000010   Data           2  delay.o(.data)
    .data                                    0x20000012   Section      547  oled_i2c.o(.data)
    .data                                    0x20000238   Section       12  myusart1.o(.data)
    .bss                                     0x20000244   Section      204  adc.o(.bss)
    .bss                                     0x20000310   Section       20  dac.o(.bss)
    .bss                                     0x20000324   Section       60  opamp.o(.bss)
    .bss                                     0x20000360   Section       76  tim.o(.bss)
    .bss                                     0x200003ac   Section      144  usart.o(.bss)
    .bss                                     0x2000043c   Section      100  myusart1.o(.bss)
    .bss                                     0x200004a0   Section    14536  fft.o(.bss)
    .bss                                     0x20003d68   Section       96  libspace.o(.bss)
    HEAP                                     0x20003dc8   Section      512  startup_stm32g474xx.o(HEAP)
    Heap_Mem                                 0x20003dc8   Data         512  startup_stm32g474xx.o(HEAP)
    STACK                                    0x20003fc8   Section     1024  startup_stm32g474xx.o(STACK)
    Stack_Mem                                0x20003fc8   Data        1024  startup_stm32g474xx.o(STACK)
    __initial_sp                             0x200043c8   Data           0  startup_stm32g474xx.o(STACK)

    Global Symbols

    Symbol Name                              Value     Ov Type        Size  Object(Section)

    BuildAttributes$$THM_ISAv4$E$P$D$K$B$S$7EM$VFPi3$EXTD16$VFPS$VFMA$PE$A:L22UL41UL21$X:L11$S22US41US21$IEEE1$IW$USESV6$~STKCKD$USESV7$~SHL$OTIME$ROPI$IEEEJ$EBA8$UX$STANDARDLIB$REQ8$PRES8$EABIv2 0x00000000   Number         0  anon$$obj.o ABSOLUTE
    __ARM_use_no_argv                        0x00000000   Number         0  main.o ABSOLUTE
    _printf_flags                            0x00000000   Number         0  printf_stubs.o ABSOLUTE
    _printf_return_value                     0x00000000   Number         0  printf_stubs.o ABSOLUTE
    _printf_sizespec                         0x00000000   Number         0  printf_stubs.o ABSOLUTE
    _printf_widthprec                        0x00000000   Number         0  printf_stubs.o ABSOLUTE
    __ARM_exceptions_init                     - Undefined Weak Reference
    __alloca_initialize                       - Undefined Weak Reference
    __arm_preinit_                            - Undefined Weak Reference
    __cpp_initialize__aeabi_                  - Undefined Weak Reference
    __cxa_finalize                            - Undefined Weak Reference
    __sigvec_lookup                           - Undefined Weak Reference
    _atexit_init                              - Undefined Weak Reference
    _call_atexit_fns                          - Undefined Weak Reference
    _clock_init                               - Undefined Weak Reference
    _fp_trap_init                             - Undefined Weak Reference
    _fp_trap_shutdown                         - Undefined Weak Reference
    _get_lc_collate                           - Undefined Weak Reference
    _get_lc_ctype                             - Undefined Weak Reference
    _get_lc_monetary                          - Undefined Weak Reference
    _get_lc_time                              - Undefined Weak Reference
    _getenv_init                              - Undefined Weak Reference
    _handle_redirection                       - Undefined Weak Reference
    _init_alloc                               - Undefined Weak Reference
    _init_user_alloc                          - Undefined Weak Reference
    _initio                                   - Undefined Weak Reference
    _printf_post_padding                      - Undefined Weak Reference
    _printf_pre_padding                       - Undefined Weak Reference
    _rand_init                                - Undefined Weak Reference
    _signal_finish                            - Undefined Weak Reference
    _signal_init                              - Undefined Weak Reference
    _terminate_alloc                          - Undefined Weak Reference
    _terminate_user_alloc                     - Undefined Weak Reference
    _terminateio                              - Undefined Weak Reference
    __Vectors_Size                           0x000001d8   Number         0  startup_stm32g474xx.o ABSOLUTE
    __Vectors                                0x08000000   Data           4  startup_stm32g474xx.o(RESET)
    __Vectors_End                            0x080001d8   Data           0  startup_stm32g474xx.o(RESET)
    __main                                   0x080001d9   Thumb Code     8  __main.o(!!!main)
    __scatterload                            0x080001e1   Thumb Code     0  __scatter.o(!!!scatter)
    __scatterload_rt2                        0x080001e1   Thumb Code    44  __scatter.o(!!!scatter)
    __scatterload_rt2_thumb_only             0x080001e1   Thumb Code     0  __scatter.o(!!!scatter)
    __scatterload_null                       0x080001ef   Thumb Code     0  __scatter.o(!!!scatter)
    __decompress                             0x08000215   Thumb Code    90  __dczerorl2.o(!!dczerorl2)
    __decompress1                            0x08000215   Thumb Code     0  __dczerorl2.o(!!dczerorl2)
    __scatterload_zeroinit                   0x08000271   Thumb Code    28  __scatter_zi.o(!!handler_zi)
    _printf_f                                0x0800028d   Thumb Code     0  _printf_f.o(.ARM.Collect$$_printf_percent$$00000003)
    _printf_percent                          0x0800028d   Thumb Code     0  _printf_percent.o(.ARM.Collect$$_printf_percent$$00000000)
    _printf_percent_end                      0x08000293   Thumb Code     0  _printf_percent_end.o(.ARM.Collect$$_printf_percent$$00000017)
    __rt_lib_init                            0x08000297   Thumb Code     0  libinit.o(.ARM.Collect$$libinit$$00000000)
    __rt_lib_init_fp_1                       0x08000299   Thumb Code     0  libinit2.o(.ARM.Collect$$libinit$$00000001)
    __rt_lib_init_heap_1                     0x0800029d   Thumb Code     0  libinit2.o(.ARM.Collect$$libinit$$0000000A)
    __rt_lib_init_lc_common                  0x0800029d   Thumb Code     0  libinit2.o(.ARM.Collect$$libinit$$0000000F)
    __rt_lib_init_preinit_1                  0x0800029d   Thumb Code     0  libinit2.o(.ARM.Collect$$libinit$$00000004)
    __rt_lib_init_rand_1                     0x0800029d   Thumb Code     0  libinit2.o(.ARM.Collect$$libinit$$0000000E)
    __rt_lib_init_user_alloc_1               0x0800029d   Thumb Code     0  libinit2.o(.ARM.Collect$$libinit$$0000000C)
    __rt_lib_init_lc_collate_1               0x080002a3   Thumb Code     0  libinit2.o(.ARM.Collect$$libinit$$00000011)
    __rt_lib_init_lc_ctype_1                 0x080002a3   Thumb Code     0  libinit2.o(.ARM.Collect$$libinit$$00000013)
    __rt_lib_init_lc_monetary_1              0x080002a3   Thumb Code     0  libinit2.o(.ARM.Collect$$libinit$$00000015)
    __rt_lib_init_lc_numeric_2               0x080002a3   Thumb Code     0  libinit2.o(.ARM.Collect$$libinit$$00000016)
    __rt_lib_init_alloca_1                   0x080002ad   Thumb Code     0  libinit2.o(.ARM.Collect$$libinit$$0000002E)
    __rt_lib_init_argv_1                     0x080002ad   Thumb Code     0  libinit2.o(.ARM.Collect$$libinit$$0000002C)
    __rt_lib_init_atexit_1                   0x080002ad   Thumb Code     0  libinit2.o(.ARM.Collect$$libinit$$0000001B)
    __rt_lib_init_clock_1                    0x080002ad   Thumb Code     0  libinit2.o(.ARM.Collect$$libinit$$00000021)
    __rt_lib_init_cpp_1                      0x080002ad   Thumb Code     0  libinit2.o(.ARM.Collect$$libinit$$00000032)
    __rt_lib_init_exceptions_1               0x080002ad   Thumb Code     0  libinit2.o(.ARM.Collect$$libinit$$00000030)
    __rt_lib_init_fp_trap_1                  0x080002ad   Thumb Code     0  libinit2.o(.ARM.Collect$$libinit$$0000001F)
    __rt_lib_init_getenv_1                   0x080002ad   Thumb Code     0  libinit2.o(.ARM.Collect$$libinit$$00000023)
    __rt_lib_init_lc_numeric_1               0x080002ad   Thumb Code     0  libinit2.o(.ARM.Collect$$libinit$$00000017)
    __rt_lib_init_lc_time_1                  0x080002ad   Thumb Code     0  libinit2.o(.ARM.Collect$$libinit$$00000019)
    __rt_lib_init_return                     0x080002ad   Thumb Code     0  libinit2.o(.ARM.Collect$$libinit$$00000033)
    __rt_lib_init_signal_1                   0x080002ad   Thumb Code     0  libinit2.o(.ARM.Collect$$libinit$$0000001D)
    __rt_lib_init_stdio_1                    0x080002ad   Thumb Code     0  libinit2.o(.ARM.Collect$$libinit$$00000025)
    __rt_lib_shutdown                        0x080002af   Thumb Code     0  libshutdown.o(.ARM.Collect$$libshutdown$$00000000)
    __rt_lib_shutdown_fp_trap_1              0x080002b1   Thumb Code     0  libshutdown2.o(.ARM.Collect$$libshutdown$$00000006)
    __rt_lib_shutdown_heap_1                 0x080002b1   Thumb Code     0  libshutdown2.o(.ARM.Collect$$libshutdown$$0000000E)
    __rt_lib_shutdown_return                 0x080002b1   Thumb Code     0  libshutdown2.o(.ARM.Collect$$libshutdown$$0000000F)
    __rt_lib_shutdown_signal_1               0x080002b1   Thumb Code     0  libshutdown2.o(.ARM.Collect$$libshutdown$$00000009)
    __rt_lib_shutdown_stdio_1                0x080002b1   Thumb Code     0  libshutdown2.o(.ARM.Collect$$libshutdown$$00000003)
    __rt_lib_shutdown_user_alloc_1           0x080002b1   Thumb Code     0  libshutdown2.o(.ARM.Collect$$libshutdown$$0000000B)
    __rt_entry                               0x080002b3   Thumb Code     0  __rtentry.o(.ARM.Collect$$rtentry$$00000000)
    __rt_entry_presh_1                       0x080002b3   Thumb Code     0  __rtentry2.o(.ARM.Collect$$rtentry$$00000002)
    __rt_entry_sh                            0x080002b3   Thumb Code     0  __rtentry4.o(.ARM.Collect$$rtentry$$00000004)
    __rt_entry_li                            0x080002b9   Thumb Code     0  __rtentry2.o(.ARM.Collect$$rtentry$$0000000A)
    __rt_entry_postsh_1                      0x080002b9   Thumb Code     0  __rtentry2.o(.ARM.Collect$$rtentry$$00000009)
    __rt_entry_main                          0x080002bd   Thumb Code     0  __rtentry2.o(.ARM.Collect$$rtentry$$0000000D)
    __rt_entry_postli_1                      0x080002bd   Thumb Code     0  __rtentry2.o(.ARM.Collect$$rtentry$$0000000C)
    __rt_exit                                0x080002c5   Thumb Code     0  rtexit.o(.ARM.Collect$$rtexit$$00000000)
    __rt_exit_ls                             0x080002c7   Thumb Code     0  rtexit2.o(.ARM.Collect$$rtexit$$00000003)
    __rt_exit_prels_1                        0x080002c7   Thumb Code     0  rtexit2.o(.ARM.Collect$$rtexit$$00000002)
    __rt_exit_exit                           0x080002cb   Thumb Code     0  rtexit2.o(.ARM.Collect$$rtexit$$00000004)
    Reset_Handler                            0x080002d1   Thumb Code     8  startup_stm32g474xx.o(.text)
    ADC1_2_IRQHandler                        0x080002eb   Thumb Code     0  startup_stm32g474xx.o(.text)
    ADC3_IRQHandler                          0x080002eb   Thumb Code     0  startup_stm32g474xx.o(.text)
    ADC4_IRQHandler                          0x080002eb   Thumb Code     0  startup_stm32g474xx.o(.text)
    ADC5_IRQHandler                          0x080002eb   Thumb Code     0  startup_stm32g474xx.o(.text)
    COMP1_2_3_IRQHandler                     0x080002eb   Thumb Code     0  startup_stm32g474xx.o(.text)
    COMP4_5_6_IRQHandler                     0x080002eb   Thumb Code     0  startup_stm32g474xx.o(.text)
    COMP7_IRQHandler                         0x080002eb   Thumb Code     0  startup_stm32g474xx.o(.text)
    CORDIC_IRQHandler                        0x080002eb   Thumb Code     0  startup_stm32g474xx.o(.text)
    CRS_IRQHandler                           0x080002eb   Thumb Code     0  startup_stm32g474xx.o(.text)
    DMA1_Channel2_IRQHandler                 0x080002eb   Thumb Code     0  startup_stm32g474xx.o(.text)
    DMA1_Channel3_IRQHandler                 0x080002eb   Thumb Code     0  startup_stm32g474xx.o(.text)
    DMA1_Channel4_IRQHandler                 0x080002eb   Thumb Code     0  startup_stm32g474xx.o(.text)
    DMA1_Channel5_IRQHandler                 0x080002eb   Thumb Code     0  startup_stm32g474xx.o(.text)
    DMA1_Channel6_IRQHandler                 0x080002eb   Thumb Code     0  startup_stm32g474xx.o(.text)
    DMA1_Channel7_IRQHandler                 0x080002eb   Thumb Code     0  startup_stm32g474xx.o(.text)
    DMA1_Channel8_IRQHandler                 0x080002eb   Thumb Code     0  startup_stm32g474xx.o(.text)
    DMA2_Channel1_IRQHandler                 0x080002eb   Thumb Code     0  startup_stm32g474xx.o(.text)
    DMA2_Channel2_IRQHandler                 0x080002eb   Thumb Code     0  startup_stm32g474xx.o(.text)
    DMA2_Channel3_IRQHandler                 0x080002eb   Thumb Code     0  startup_stm32g474xx.o(.text)
    DMA2_Channel4_IRQHandler                 0x080002eb   Thumb Code     0  startup_stm32g474xx.o(.text)
    DMA2_Channel5_IRQHandler                 0x080002eb   Thumb Code     0  startup_stm32g474xx.o(.text)
    DMA2_Channel6_IRQHandler                 0x080002eb   Thumb Code     0  startup_stm32g474xx.o(.text)
    DMA2_Channel7_IRQHandler                 0x080002eb   Thumb Code     0  startup_stm32g474xx.o(.text)
    DMA2_Channel8_IRQHandler                 0x080002eb   Thumb Code     0  startup_stm32g474xx.o(.text)
    DMAMUX_OVR_IRQHandler                    0x080002eb   Thumb Code     0  startup_stm32g474xx.o(.text)
    EXTI0_IRQHandler                         0x080002eb   Thumb Code     0  startup_stm32g474xx.o(.text)
    EXTI1_IRQHandler                         0x080002eb   Thumb Code     0  startup_stm32g474xx.o(.text)
    EXTI2_IRQHandler                         0x080002eb   Thumb Code     0  startup_stm32g474xx.o(.text)
    EXTI3_IRQHandler                         0x080002eb   Thumb Code     0  startup_stm32g474xx.o(.text)
    EXTI4_IRQHandler                         0x080002eb   Thumb Code     0  startup_stm32g474xx.o(.text)
    EXTI9_5_IRQHandler                       0x080002eb   Thumb Code     0  startup_stm32g474xx.o(.text)
    FDCAN1_IT0_IRQHandler                    0x080002eb   Thumb Code     0  startup_stm32g474xx.o(.text)
    FDCAN1_IT1_IRQHandler                    0x080002eb   Thumb Code     0  startup_stm32g474xx.o(.text)
    FDCAN2_IT0_IRQHandler                    0x080002eb   Thumb Code     0  startup_stm32g474xx.o(.text)
    FDCAN2_IT1_IRQHandler                    0x080002eb   Thumb Code     0  startup_stm32g474xx.o(.text)
    FDCAN3_IT0_IRQHandler                    0x080002eb   Thumb Code     0  startup_stm32g474xx.o(.text)
    FDCAN3_IT1_IRQHandler                    0x080002eb   Thumb Code     0  startup_stm32g474xx.o(.text)
    FLASH_IRQHandler                         0x080002eb   Thumb Code     0  startup_stm32g474xx.o(.text)
    FMAC_IRQHandler                          0x080002eb   Thumb Code     0  startup_stm32g474xx.o(.text)
    FMC_IRQHandler                           0x080002eb   Thumb Code     0  startup_stm32g474xx.o(.text)
    FPU_IRQHandler                           0x080002eb   Thumb Code     0  startup_stm32g474xx.o(.text)
    HRTIM1_FLT_IRQHandler                    0x080002eb   Thumb Code     0  startup_stm32g474xx.o(.text)
    HRTIM1_Master_IRQHandler                 0x080002eb   Thumb Code     0  startup_stm32g474xx.o(.text)
    HRTIM1_TIMA_IRQHandler                   0x080002eb   Thumb Code     0  startup_stm32g474xx.o(.text)
    HRTIM1_TIMB_IRQHandler                   0x080002eb   Thumb Code     0  startup_stm32g474xx.o(.text)
    HRTIM1_TIMC_IRQHandler                   0x080002eb   Thumb Code     0  startup_stm32g474xx.o(.text)
    HRTIM1_TIMD_IRQHandler                   0x080002eb   Thumb Code     0  startup_stm32g474xx.o(.text)
    HRTIM1_TIME_IRQHandler                   0x080002eb   Thumb Code     0  startup_stm32g474xx.o(.text)
    HRTIM1_TIMF_IRQHandler                   0x080002eb   Thumb Code     0  startup_stm32g474xx.o(.text)
    I2C1_ER_IRQHandler                       0x080002eb   Thumb Code     0  startup_stm32g474xx.o(.text)
    I2C1_EV_IRQHandler                       0x080002eb   Thumb Code     0  startup_stm32g474xx.o(.text)
    I2C2_ER_IRQHandler                       0x080002eb   Thumb Code     0  startup_stm32g474xx.o(.text)
    I2C2_EV_IRQHandler                       0x080002eb   Thumb Code     0  startup_stm32g474xx.o(.text)
    I2C3_ER_IRQHandler                       0x080002eb   Thumb Code     0  startup_stm32g474xx.o(.text)
    I2C3_EV_IRQHandler                       0x080002eb   Thumb Code     0  startup_stm32g474xx.o(.text)
    I2C4_ER_IRQHandler                       0x080002eb   Thumb Code     0  startup_stm32g474xx.o(.text)
    I2C4_EV_IRQHandler                       0x080002eb   Thumb Code     0  startup_stm32g474xx.o(.text)
    LPTIM1_IRQHandler                        0x080002eb   Thumb Code     0  startup_stm32g474xx.o(.text)
    LPUART1_IRQHandler                       0x080002eb   Thumb Code     0  startup_stm32g474xx.o(.text)
    PVD_PVM_IRQHandler                       0x080002eb   Thumb Code     0  startup_stm32g474xx.o(.text)
    QUADSPI_IRQHandler                       0x080002eb   Thumb Code     0  startup_stm32g474xx.o(.text)
    RCC_IRQHandler                           0x080002eb   Thumb Code     0  startup_stm32g474xx.o(.text)
    RNG_IRQHandler                           0x080002eb   Thumb Code     0  startup_stm32g474xx.o(.text)
    RTC_Alarm_IRQHandler                     0x080002eb   Thumb Code     0  startup_stm32g474xx.o(.text)
    RTC_TAMP_LSECSS_IRQHandler               0x080002eb   Thumb Code     0  startup_stm32g474xx.o(.text)
    RTC_WKUP_IRQHandler                      0x080002eb   Thumb Code     0  startup_stm32g474xx.o(.text)
    SAI1_IRQHandler                          0x080002eb   Thumb Code     0  startup_stm32g474xx.o(.text)
    SPI1_IRQHandler                          0x080002eb   Thumb Code     0  startup_stm32g474xx.o(.text)
    SPI2_IRQHandler                          0x080002eb   Thumb Code     0  startup_stm32g474xx.o(.text)
    SPI3_IRQHandler                          0x080002eb   Thumb Code     0  startup_stm32g474xx.o(.text)
    SPI4_IRQHandler                          0x080002eb   Thumb Code     0  startup_stm32g474xx.o(.text)
    TIM1_BRK_TIM15_IRQHandler                0x080002eb   Thumb Code     0  startup_stm32g474xx.o(.text)
    TIM1_CC_IRQHandler                       0x080002eb   Thumb Code     0  startup_stm32g474xx.o(.text)
    TIM1_TRG_COM_TIM17_IRQHandler            0x080002eb   Thumb Code     0  startup_stm32g474xx.o(.text)
    TIM1_UP_TIM16_IRQHandler                 0x080002eb   Thumb Code     0  startup_stm32g474xx.o(.text)
    TIM20_BRK_IRQHandler                     0x080002eb   Thumb Code     0  startup_stm32g474xx.o(.text)
    TIM20_CC_IRQHandler                      0x080002eb   Thumb Code     0  startup_stm32g474xx.o(.text)
    TIM20_TRG_COM_IRQHandler                 0x080002eb   Thumb Code     0  startup_stm32g474xx.o(.text)
    TIM20_UP_IRQHandler                      0x080002eb   Thumb Code     0  startup_stm32g474xx.o(.text)
    TIM2_IRQHandler                          0x080002eb   Thumb Code     0  startup_stm32g474xx.o(.text)
    TIM3_IRQHandler                          0x080002eb   Thumb Code     0  startup_stm32g474xx.o(.text)
    TIM4_IRQHandler                          0x080002eb   Thumb Code     0  startup_stm32g474xx.o(.text)
    TIM5_IRQHandler                          0x080002eb   Thumb Code     0  startup_stm32g474xx.o(.text)
    TIM6_DAC_IRQHandler                      0x080002eb   Thumb Code     0  startup_stm32g474xx.o(.text)
    TIM7_DAC_IRQHandler                      0x080002eb   Thumb Code     0  startup_stm32g474xx.o(.text)
    TIM8_BRK_IRQHandler                      0x080002eb   Thumb Code     0  startup_stm32g474xx.o(.text)
    TIM8_CC_IRQHandler                       0x080002eb   Thumb Code     0  startup_stm32g474xx.o(.text)
    TIM8_TRG_COM_IRQHandler                  0x080002eb   Thumb Code     0  startup_stm32g474xx.o(.text)
    TIM8_UP_IRQHandler                       0x080002eb   Thumb Code     0  startup_stm32g474xx.o(.text)
    UART4_IRQHandler                         0x080002eb   Thumb Code     0  startup_stm32g474xx.o(.text)
    UART5_IRQHandler                         0x080002eb   Thumb Code     0  startup_stm32g474xx.o(.text)
    UCPD1_IRQHandler                         0x080002eb   Thumb Code     0  startup_stm32g474xx.o(.text)
    USART2_IRQHandler                        0x080002eb   Thumb Code     0  startup_stm32g474xx.o(.text)
    USART3_IRQHandler                        0x080002eb   Thumb Code     0  startup_stm32g474xx.o(.text)
    USBWakeUp_IRQHandler                     0x080002eb   Thumb Code     0  startup_stm32g474xx.o(.text)
    USB_HP_IRQHandler                        0x080002eb   Thumb Code     0  startup_stm32g474xx.o(.text)
    USB_LP_IRQHandler                        0x080002eb   Thumb Code     0  startup_stm32g474xx.o(.text)
    WWDG_IRQHandler                          0x080002eb   Thumb Code     0  startup_stm32g474xx.o(.text)
    __user_initial_stackheap                 0x080002ed   Thumb Code     0  startup_stm32g474xx.o(.text)
    __aeabi_uldivmod                         0x08000311   Thumb Code     0  lludivv7m.o(.text)
    _ll_udiv                                 0x08000311   Thumb Code   238  lludivv7m.o(.text)
    __2sprintf                               0x08000401   Thumb Code    34  noretval__2sprintf.o(.text)
    __printf                                 0x08000429   Thumb Code   352  __printf_ss_wp.o(.text)
    strlen                                   0x08000589   Thumb Code    62  strlen.o(.text)
    __aeabi_memclr4                          0x080005c7   Thumb Code     0  rt_memclr_w.o(.text)
    __aeabi_memclr8                          0x080005c7   Thumb Code     0  rt_memclr_w.o(.text)
    __rt_memclr_w                            0x080005c7   Thumb Code    78  rt_memclr_w.o(.text)
    _memset_w                                0x080005cb   Thumb Code     0  rt_memclr_w.o(.text)
    __use_two_region_memory                  0x08000615   Thumb Code     2  heapauxi.o(.text)
    __rt_heap_escrow$2region                 0x08000617   Thumb Code     2  heapauxi.o(.text)
    __rt_heap_expand$2region                 0x08000619   Thumb Code     2  heapauxi.o(.text)
    __read_errno                             0x0800061b   Thumb Code    10  _rserrno.o(.text)
    __set_errno                              0x08000625   Thumb Code    12  _rserrno.o(.text)
    __lib_sel_fp_printf                      0x08000631   Thumb Code     2  _printf_fp_dec.o(.text)
    _printf_fp_dec_real                      0x080007df   Thumb Code   620  _printf_fp_dec.o(.text)
    _printf_char_common                      0x08000a57   Thumb Code    32  _printf_char_common.o(.text)
    _sputc                                   0x08000a7d   Thumb Code    10  _sputc.o(.text)
    __rt_locale                              0x08000a89   Thumb Code     8  rt_locale_intlibspace.o(.text)
    __aeabi_errno_addr                       0x08000a91   Thumb Code     8  rt_errno_addr_intlibspace.o(.text)
    __errno$intlibspace                      0x08000a91   Thumb Code     0  rt_errno_addr_intlibspace.o(.text)
    __rt_errno_addr$intlibspace              0x08000a91   Thumb Code     0  rt_errno_addr_intlibspace.o(.text)
    _ll_udiv10                               0x08000a99   Thumb Code   138  lludiv10.o(.text)
    _printf_fp_infnan                        0x08000b25   Thumb Code   112  _printf_fp_infnan.o(.text)
    _btod_etento                             0x08000ba5   Thumb Code   216  bigflt0.o(.text)
    __user_libspace                          0x08000c81   Thumb Code     8  libspace.o(.text)
    __user_perproc_libspace                  0x08000c81   Thumb Code     0  libspace.o(.text)
    __user_perthread_libspace                0x08000c81   Thumb Code     0  libspace.o(.text)
    __user_setup_stackheap                   0x08000c89   Thumb Code    74  sys_stackheap_outer.o(.text)
    exit                                     0x08000cd3   Thumb Code    12  exit.o(.text)
    strcmp                                   0x08000ce1   Thumb Code   128  strcmpv7m.o(.text)
    _sys_exit                                0x08000d61   Thumb Code     8  sys_exit.o(.text)
    __I$use$semihosting                      0x08000d6d   Thumb Code     0  use_no_semi.o(.text)
    __use_no_semihosting_swi                 0x08000d6d   Thumb Code     2  use_no_semi.o(.text)
    __semihosting_library_function           0x08000d6f   Thumb Code     0  indicate_semi.o(.text)
    arm_bitreversal_f32                      0x08000d71   Thumb Code   174  arm_bitreversal.o(.text.arm_bitreversal_f32)
    arm_cfft_radix4_f32                      0x08000e1f   Thumb Code    66  arm_cfft_radix4_f32.o(.text.arm_cfft_radix4_f32)
    arm_cfft_radix4_init_f32                 0x08000e61   Thumb Code   124  arm_cfft_radix4_init_f32.o(.text.arm_cfft_radix4_init_f32)
    arm_cmplx_mag_f32                        0x08000edd   Thumb Code   232  arm_cmplx_mag_f32.o(.text.arm_cmplx_mag_f32)
    arm_max_f32                              0x08000fc5   Thumb Code   288  arm_max_f32.o(.text.arm_max_f32)
    arm_radix4_butterfly_f32                 0x080010e5   Thumb Code  1384  arm_cfft_radix4_f32.o(.text.arm_radix4_butterfly_f32)
    arm_radix4_butterfly_inverse_f32         0x0800164d   Thumb Code  1434  arm_cfft_radix4_f32.o(.text.arm_radix4_butterfly_inverse_f32)
    _btod_d2e                                0x08001be7   Thumb Code    62  btod.o(CL$$btod_d2e)
    _d2e_denorm_low                          0x08001c25   Thumb Code    70  btod.o(CL$$btod_d2e_denorm_low)
    _d2e_norm_op1                            0x08001c6b   Thumb Code    96  btod.o(CL$$btod_d2e_norm_op1)
    __btod_div_common                        0x08001ccb   Thumb Code   696  btod.o(CL$$btod_div_common)
    _e2e                                     0x08002003   Thumb Code   198  btod.o(CL$$btod_e2e)
    _btod_ediv                               0x080020c9   Thumb Code    40  btod.o(CL$$btod_ediv)
    _btod_emul                               0x080020f1   Thumb Code    40  btod.o(CL$$btod_emul)
    __btod_mult_common                       0x08002119   Thumb Code   580  btod.o(CL$$btod_mult_common)
    ADC_DMAConvCplt                          0x0800235d   Thumb Code   104  stm32g4xx_hal_adc.o(i.ADC_DMAConvCplt)
    ADC_DMAError                             0x080023c5   Thumb Code    26  stm32g4xx_hal_adc.o(i.ADC_DMAError)
    ADC_DMAHalfConvCplt                      0x080023df   Thumb Code    10  stm32g4xx_hal_adc.o(i.ADC_DMAHalfConvCplt)
    ADC_Enable                               0x080023e9   Thumb Code   110  stm32g4xx_hal_adc.o(i.ADC_Enable)
    ADC_Get                                  0x0800245d   Thumb Code    26  fft.o(i.ADC_Get)
    ADC_Init                                 0x08002481   Thumb Code    32  fft.o(i.ADC_Init)
    BackGround                               0x080024ad   Thumb Code   114  oled_i2c.o(i.BackGround)
    BusFault_Handler                         0x08002529   Thumb Code     2  stm32g4xx_it.o(i.BusFault_Handler)
    DMA1_Channel1_IRQHandler                 0x0800252d   Thumb Code     6  stm32g4xx_it.o(i.DMA1_Channel1_IRQHandler)
    DebugMon_Handler                         0x080025db   Thumb Code     2  stm32g4xx_it.o(i.DebugMon_Handler)
    EXTI15_10_IRQHandler                     0x080025dd   Thumb Code     8  stm32g4xx_it.o(i.EXTI15_10_IRQHandler)
    Error_Handler                            0x080025e5   Thumb Code     4  main.o(i.Error_Handler)
    Fre_Control                              0x080025e9   Thumb Code   132  fft.o(i.Fre_Control)
    Get_Show_THD                             0x08002679   Thumb Code   416  fft.o(i.Get_Show_THD)
    Get_amp                                  0x08002831   Thumb Code   138  fft.o(i.Get_amp)
    HAL_ADCEx_MultiModeConfigChannel         0x080028e1   Thumb Code   322  stm32g4xx_hal_adc_ex.o(i.HAL_ADCEx_MultiModeConfigChannel)
    HAL_ADC_ConfigChannel                    0x08002a3d   Thumb Code  1056  stm32g4xx_hal_adc.o(i.HAL_ADC_ConfigChannel)
    HAL_ADC_ConvCpltCallback                 0x08002e99   Thumb Code    20  main.o(i.HAL_ADC_ConvCpltCallback)
    HAL_ADC_ConvHalfCpltCallback             0x08002eb1   Thumb Code     2  stm32g4xx_hal_adc.o(i.HAL_ADC_ConvHalfCpltCallback)
    HAL_ADC_ErrorCallback                    0x08002eb3   Thumb Code     2  stm32g4xx_hal_adc.o(i.HAL_ADC_ErrorCallback)
    HAL_ADC_Init                             0x08002eb5   Thumb Code   520  stm32g4xx_hal_adc.o(i.HAL_ADC_Init)
    HAL_ADC_MspInit                          0x080030ed   Thumb Code   160  adc.o(i.HAL_ADC_MspInit)
    HAL_ADC_Start_DMA                        0x08003199   Thumb Code   260  stm32g4xx_hal_adc.o(i.HAL_ADC_Start_DMA)
    HAL_DAC_ConfigChannel                    0x080032c5   Thumb Code   428  stm32g4xx_hal_dac.o(i.HAL_DAC_ConfigChannel)
    HAL_DAC_Init                             0x08003479   Thumb Code    40  stm32g4xx_hal_dac.o(i.HAL_DAC_Init)
    HAL_DAC_MspInit                          0x080034a1   Thumb Code    30  dac.o(i.HAL_DAC_MspInit)
    HAL_DAC_SetValue                         0x080034c9   Thumb Code    26  stm32g4xx_hal_dac.o(i.HAL_DAC_SetValue)
    HAL_DAC_Start                            0x080034e3   Thumb Code   104  stm32g4xx_hal_dac.o(i.HAL_DAC_Start)
    HAL_DMA_Abort                            0x0800354b   Thumb Code   106  stm32g4xx_hal_dma.o(i.HAL_DMA_Abort)
    HAL_DMA_Abort_IT                         0x080035b5   Thumb Code   120  stm32g4xx_hal_dma.o(i.HAL_DMA_Abort_IT)
    HAL_DMA_IRQHandler                       0x0800362d   Thumb Code   186  stm32g4xx_hal_dma.o(i.HAL_DMA_IRQHandler)
    HAL_DMA_Init                             0x080036e9   Thumb Code   178  stm32g4xx_hal_dma.o(i.HAL_DMA_Init)
    HAL_DMA_Start_IT                         0x080037a9   Thumb Code   140  stm32g4xx_hal_dma.o(i.HAL_DMA_Start_IT)
    HAL_Delay                                0x08003835   Thumb Code    32  stm32g4xx_hal.o(i.HAL_Delay)
    HAL_GPIO_EXTI_Callback                   0x08003859   Thumb Code     2  main.o(i.HAL_GPIO_EXTI_Callback)
    HAL_GPIO_EXTI_IRQHandler                 0x0800385d   Thumb Code    18  stm32g4xx_hal_gpio.o(i.HAL_GPIO_EXTI_IRQHandler)
    HAL_GPIO_Init                            0x08003875   Thumb Code   550  stm32g4xx_hal_gpio.o(i.HAL_GPIO_Init)
    HAL_GPIO_ReadPin                         0x08003abd   Thumb Code    10  stm32g4xx_hal_gpio.o(i.HAL_GPIO_ReadPin)
    HAL_GPIO_WritePin                        0x08003ac7   Thumb Code    10  stm32g4xx_hal_gpio.o(i.HAL_GPIO_WritePin)
    HAL_GetTick                              0x08003ad1   Thumb Code     6  stm32g4xx_hal.o(i.HAL_GetTick)
    HAL_IncTick                              0x08003add   Thumb Code    12  stm32g4xx_hal.o(i.HAL_IncTick)
    HAL_Init                                 0x08003aed   Thumb Code    30  stm32g4xx_hal.o(i.HAL_Init)
    HAL_InitTick                             0x08003b0d   Thumb Code    58  stm32g4xx_hal.o(i.HAL_InitTick)
    HAL_MspInit                              0x08003b51   Thumb Code    42  stm32g4xx_hal_msp.o(i.HAL_MspInit)
    HAL_NVIC_EnableIRQ                       0x08003b81   Thumb Code    26  stm32g4xx_hal_cortex.o(i.HAL_NVIC_EnableIRQ)
    HAL_NVIC_SetPriority                     0x08003b9d   Thumb Code    60  stm32g4xx_hal_cortex.o(i.HAL_NVIC_SetPriority)
    HAL_NVIC_SetPriorityGrouping             0x08003bdd   Thumb Code    26  stm32g4xx_hal_cortex.o(i.HAL_NVIC_SetPriorityGrouping)
    HAL_OPAMP_Init                           0x08003c01   Thumb Code   236  stm32g4xx_hal_opamp.o(i.HAL_OPAMP_Init)
    HAL_OPAMP_MspInit                        0x08003cf5   Thumb Code    66  opamp.o(i.HAL_OPAMP_MspInit)
    HAL_OPAMP_Start                          0x08003d45   Thumb Code    44  stm32g4xx_hal_opamp.o(i.HAL_OPAMP_Start)
    HAL_PWREx_ControlVoltageScaling          0x08003d71   Thumb Code   174  stm32g4xx_hal_pwr_ex.o(i.HAL_PWREx_ControlVoltageScaling)
    HAL_PWREx_DisableUCPDDeadBattery         0x08003e2d   Thumb Code    12  stm32g4xx_hal_pwr_ex.o(i.HAL_PWREx_DisableUCPDDeadBattery)
    HAL_RCCEx_PeriphCLKConfig                0x08003e3d   Thumb Code   758  stm32g4xx_hal_rcc_ex.o(i.HAL_RCCEx_PeriphCLKConfig)
    HAL_RCC_ClockConfig                      0x0800413d   Thumb Code   444  stm32g4xx_hal_rcc.o(i.HAL_RCC_ClockConfig)
    HAL_RCC_GetHCLKFreq                      0x08004319   Thumb Code     6  stm32g4xx_hal_rcc.o(i.HAL_RCC_GetHCLKFreq)
    HAL_RCC_GetPCLK1Freq                     0x08004325   Thumb Code    24  stm32g4xx_hal_rcc.o(i.HAL_RCC_GetPCLK1Freq)
    HAL_RCC_GetPCLK2Freq                     0x08004349   Thumb Code    24  stm32g4xx_hal_rcc.o(i.HAL_RCC_GetPCLK2Freq)
    HAL_RCC_GetSysClockFreq                  0x0800436d   Thumb Code    98  stm32g4xx_hal_rcc.o(i.HAL_RCC_GetSysClockFreq)
    HAL_RCC_OscConfig                        0x080043dd   Thumb Code  1036  stm32g4xx_hal_rcc.o(i.HAL_RCC_OscConfig)
    HAL_SYSTICK_CLKSourceConfig              0x080047e9   Thumb Code    24  stm32g4xx_hal_cortex.o(i.HAL_SYSTICK_CLKSourceConfig)
    HAL_SYSTICK_Config                       0x08004801   Thumb Code    40  stm32g4xx_hal_cortex.o(i.HAL_SYSTICK_Config)
    HAL_TIMEx_MasterConfigSynchronization    0x08004829   Thumb Code   150  stm32g4xx_hal_tim_ex.o(i.HAL_TIMEx_MasterConfigSynchronization)
    HAL_TIM_Base_Init                        0x080048e1   Thumb Code    98  stm32g4xx_hal_tim.o(i.HAL_TIM_Base_Init)
    HAL_TIM_Base_MspInit                     0x08004945   Thumb Code    30  tim.o(i.HAL_TIM_Base_MspInit)
    HAL_TIM_Base_Start                       0x0800496d   Thumb Code    96  stm32g4xx_hal_tim.o(i.HAL_TIM_Base_Start)
    HAL_TIM_ConfigClockSource                0x080049ed   Thumb Code   234  stm32g4xx_hal_tim.o(i.HAL_TIM_ConfigClockSource)
    HAL_UARTEx_DisableFifoMode               0x08004add   Thumb Code    62  stm32g4xx_hal_uart_ex.o(i.HAL_UARTEx_DisableFifoMode)
    HAL_UARTEx_RxEventCallback               0x08004b1b   Thumb Code     2  stm32g4xx_hal_uart.o(i.HAL_UARTEx_RxEventCallback)
    HAL_UARTEx_RxFifoFullCallback            0x08004b1d   Thumb Code     2  stm32g4xx_hal_uart_ex.o(i.HAL_UARTEx_RxFifoFullCallback)
    HAL_UARTEx_SetRxFifoThreshold            0x08004b1f   Thumb Code    76  stm32g4xx_hal_uart_ex.o(i.HAL_UARTEx_SetRxFifoThreshold)
    HAL_UARTEx_SetTxFifoThreshold            0x08004b6b   Thumb Code    76  stm32g4xx_hal_uart_ex.o(i.HAL_UARTEx_SetTxFifoThreshold)
    HAL_UARTEx_TxFifoEmptyCallback           0x08004bb7   Thumb Code     2  stm32g4xx_hal_uart_ex.o(i.HAL_UARTEx_TxFifoEmptyCallback)
    HAL_UARTEx_WakeupCallback                0x08004bb9   Thumb Code     2  stm32g4xx_hal_uart_ex.o(i.HAL_UARTEx_WakeupCallback)
    HAL_UART_ErrorCallback                   0x08004bbb   Thumb Code     2  stm32g4xx_hal_uart.o(i.HAL_UART_ErrorCallback)
    HAL_UART_IRQHandler                      0x08004bbd   Thumb Code   722  stm32g4xx_hal_uart.o(i.HAL_UART_IRQHandler)
    HAL_UART_Init                            0x08004e9d   Thumb Code   106  stm32g4xx_hal_uart.o(i.HAL_UART_Init)
    HAL_UART_MspInit                         0x08004f09   Thumb Code   166  usart.o(i.HAL_UART_MspInit)
    HAL_UART_TxCpltCallback                  0x08004fbd   Thumb Code     2  stm32g4xx_hal_uart.o(i.HAL_UART_TxCpltCallback)
    HardFault_Handler                        0x08004fbf   Thumb Code     2  stm32g4xx_it.o(i.HardFault_Handler)
    I2C_WriteByte                            0x08004fc1   Thumb Code    48  oled_i2c.o(i.I2C_WriteByte)
    IIC_Init                                 0x08004ff1   Thumb Code    28  myiic.o(i.IIC_Init)
    IIC_Send_Byte                            0x08005011   Thumb Code   116  myiic.o(i.IIC_Send_Byte)
    IIC_Start                                0x08005089   Thumb Code    80  myiic.o(i.IIC_Start)
    IIC_Stop                                 0x080050dd   Thumb Code    82  myiic.o(i.IIC_Stop)
    IIC_Wait_Ack                             0x08005135   Thumb Code   102  myiic.o(i.IIC_Wait_Ack)
    MX_ADC1_Init                             0x08005205   Thumb Code   142  adc.o(i.MX_ADC1_Init)
    MX_DAC4_Init                             0x0800529d   Thumb Code    78  dac.o(i.MX_DAC4_Init)
    MX_DMA_Init                              0x080052f5   Thumb Code    56  dma.o(i.MX_DMA_Init)
    MX_GPIO_Init                             0x08005331   Thumb Code   180  gpio.o(i.MX_GPIO_Init)
    MX_OPAMP4_Init                           0x080053f1   Thumb Code    52  opamp.o(i.MX_OPAMP4_Init)
    MX_TIM3_Init                             0x0800542d   Thumb Code    96  tim.o(i.MX_TIM3_Init)
    MX_USART1_UART_Init                      0x08005495   Thumb Code    94  usart.o(i.MX_USART1_UART_Init)
    MemManage_Handler                        0x080054fd   Thumb Code     2  stm32g4xx_it.o(i.MemManage_Handler)
    MyUSART1_IRQHandler                      0x08005501   Thumb Code    40  myusart1.o(i.MyUSART1_IRQHandler)
    MyUSART1_Init                            0x08005535   Thumb Code    16  myusart1.o(i.MyUSART1_Init)
    NMI_Handler                              0x08005549   Thumb Code     2  stm32g4xx_it.o(i.NMI_Handler)
    OLED_CLS                                 0x0800554b   Thumb Code     6  oled_i2c.o(i.OLED_CLS)
    OLED_Fill                                0x08005551   Thumb Code    56  oled_i2c.o(i.OLED_Fill)
    OLED_Init                                0x08005589   Thumb Code   194  oled_i2c.o(i.OLED_Init)
    OLED_SetPos                              0x08005651   Thumb Code    38  oled_i2c.o(i.OLED_SetPos)
    OLED_ShowCN                              0x08005679   Thumb Code    66  oled_i2c.o(i.OLED_ShowCN)
    OLED_ShowChar                            0x080056c1   Thumb Code   116  oled_i2c.o(i.OLED_ShowChar)
    OLED_ShowFloat                           0x0800573d   Thumb Code    48  oled_i2c.o(i.OLED_ShowFloat)
    OLED_ShowStr                             0x08005775   Thumb Code   208  oled_i2c.o(i.OLED_ShowStr)
    PendSV_Handler                           0x0800584d   Thumb Code     2  stm32g4xx_it.o(i.PendSV_Handler)
    SVC_Handler                              0x0800584f   Thumb Code     2  stm32g4xx_it.o(i.SVC_Handler)
    SysTick_Handler                          0x08005851   Thumb Code     4  stm32g4xx_it.o(i.SysTick_Handler)
    SystemClock_Config                       0x08005855   Thumb Code   102  main.o(i.SystemClock_Config)
    SystemInit                               0x080058bd   Thumb Code    12  system_stm32g4xx.o(i.SystemInit)
    TIM_Base_SetConfig                       0x080058cd   Thumb Code   176  stm32g4xx_hal_tim.o(i.TIM_Base_SetConfig)
    TIM_ETR_SetConfig                        0x080059a1   Thumb Code    20  stm32g4xx_hal_tim.o(i.TIM_ETR_SetConfig)
    UART_AdvFeatureConfig                    0x08005a55   Thumb Code   200  stm32g4xx_hal_uart.o(i.UART_AdvFeatureConfig)
    UART_CheckIdleState                      0x08005b1d   Thumb Code    96  stm32g4xx_hal_uart.o(i.UART_CheckIdleState)
    UART_SetConfig                           0x08005be5   Thumb Code   614  stm32g4xx_hal_uart.o(i.UART_SetConfig)
    UART_WaitOnFlagUntilTimeout              0x08005e7d   Thumb Code   198  stm32g4xx_hal_uart.o(i.UART_WaitOnFlagUntilTimeout)
    USART1_IRQHandler                        0x08005f45   Thumb Code    18  stm32g4xx_it.o(i.USART1_IRQHandler)
    UsageFault_Handler                       0x08005f61   Thumb Code     2  stm32g4xx_it.o(i.UsageFault_Handler)
    WriteCmd                                 0x08005f63   Thumb Code     8  oled_i2c.o(i.WriteCmd)
    WriteDat                                 0x08005f6b   Thumb Code     8  oled_i2c.o(i.WriteDat)
    __ARM_fpclassify                         0x08005f73   Thumb Code    48  fpclassify.o(i.__ARM_fpclassify)
    __hardfp_sqrt                            0x08005fc3   Thumb Code   122  sqrt.o(i.__hardfp_sqrt)
    _is_digit                                0x0800603d   Thumb Code    14  __printf_wp.o(i._is_digit)
    delay_init                               0x0800604d   Thumb Code    16  delay.o(i.delay_init)
    delay_ms                                 0x08006061   Thumb Code    10  delay.o(i.delay_ms)
    delay_us                                 0x0800606d   Thumb Code    48  delay.o(i.delay_us)
    fft                                      0x080060a1   Thumb Code   202  fft.o(i.fft)
    fft_getpeak                              0x0800618d   Thumb Code   240  fft.o(i.fft_getpeak)
    main                                     0x08006289   Thumb Code    94  main.o(i.main)
    sqrtf                                    0x080062f5   Thumb Code    62  sqrtf.o(i.sqrtf)
    wave_determine                           0x08006335   Thumb Code   124  fft.o(i.wave_determine)
    wave_show                                0x080063c9   Thumb Code    66  oled_i2c.o(i.wave_show)
    _get_lc_numeric                          0x0800640d   Thumb Code    44  lc_numeric_c.o(locale$$code)
    __aeabi_d2f                              0x08006439   Thumb Code     0  d2f.o(x$fpl$d2f)
    _d2f                                     0x08006439   Thumb Code    98  d2f.o(x$fpl$d2f)
    __aeabi_dadd                             0x0800649d   Thumb Code     0  daddsub_clz.o(x$fpl$dadd)
    _dadd                                    0x0800649d   Thumb Code   332  daddsub_clz.o(x$fpl$dadd)
    __fpl_dcmp_Inf                           0x080065ed   Thumb Code    24  dcmpi.o(x$fpl$dcmpinf)
    __aeabi_ddiv                             0x08006605   Thumb Code     0  ddiv.o(x$fpl$ddiv)
    _ddiv                                    0x08006605   Thumb Code   552  ddiv.o(x$fpl$ddiv)
    __aeabi_ui2d                             0x080068b5   Thumb Code     0  dflt_clz.o(x$fpl$dfltu)
    _dfltu                                   0x080068b5   Thumb Code    38  dflt_clz.o(x$fpl$dfltu)
    __aeabi_cdcmple                          0x080068dd   Thumb Code     0  dleqf.o(x$fpl$dleqf)
    _dcmple                                  0x080068dd   Thumb Code   120  dleqf.o(x$fpl$dleqf)
    __fpl_dcmple_InfNaN                      0x0800693f   Thumb Code     0  dleqf.o(x$fpl$dleqf)
    __aeabi_dmul                             0x08006955   Thumb Code     0  dmul.o(x$fpl$dmul)
    _dmul                                    0x08006955   Thumb Code   332  dmul.o(x$fpl$dmul)
    __fpl_dnaninf                            0x08006aa9   Thumb Code   156  dnaninf.o(x$fpl$dnaninf)
    __fpl_dretinf                            0x08006b45   Thumb Code    12  dretinf.o(x$fpl$dretinf)
    __aeabi_cdrcmple                         0x08006b51   Thumb Code     0  drleqf.o(x$fpl$drleqf)
    _drcmple                                 0x08006b51   Thumb Code   108  drleqf.o(x$fpl$drleqf)
    _dsqrt                                   0x08006bbd   Thumb Code   404  dsqrt_umaal.o(x$fpl$dsqrt)
    __aeabi_dsub                             0x08006d55   Thumb Code     0  daddsub_clz.o(x$fpl$dsub)
    _dsub                                    0x08006d55   Thumb Code   464  daddsub_clz.o(x$fpl$dsub)
    __aeabi_f2d                              0x08006f29   Thumb Code     0  f2d.o(x$fpl$f2d)
    _f2d                                     0x08006f29   Thumb Code    86  f2d.o(x$fpl$f2d)
    __aeabi_fadd                             0x08006f7f   Thumb Code     0  faddsub_clz.o(x$fpl$fadd)
    _fadd                                    0x08006f7f   Thumb Code    18  faddsub_clz.o(x$fpl$fadd)
    __aeabi_fcmpeq                           0x08006f91   Thumb Code     0  fcmp.o(x$fpl$fcmp)
    _feq                                     0x08006f91   Thumb Code    14  fcmp.o(x$fpl$fcmp)
    _fneq                                    0x08006f9f   Thumb Code    14  fcmp.o(x$fpl$fcmp)
    __aeabi_fcmpgt                           0x08006fad   Thumb Code     0  fcmp.o(x$fpl$fcmp)
    _fgr                                     0x08006fad   Thumb Code    14  fcmp.o(x$fpl$fcmp)
    __aeabi_fcmpge                           0x08006fbb   Thumb Code     0  fcmp.o(x$fpl$fcmp)
    _fgeq                                    0x08006fbb   Thumb Code    14  fcmp.o(x$fpl$fcmp)
    __aeabi_fcmple                           0x08006fc9   Thumb Code     0  fcmp.o(x$fpl$fcmp)
    _fleq                                    0x08006fc9   Thumb Code    14  fcmp.o(x$fpl$fcmp)
    __aeabi_fcmplt                           0x08006fd7   Thumb Code     0  fcmp.o(x$fpl$fcmp)
    _fls                                     0x08006fd7   Thumb Code    14  fcmp.o(x$fpl$fcmp)
    __fpl_fcmp_Inf                           0x08006fe5   Thumb Code    24  fcmpi.o(x$fpl$fcmpinf)
    __aeabi_cfcmpeq                          0x08006ffd   Thumb Code     0  feqf.o(x$fpl$feqf)
    _fcmpeq                                  0x08006ffd   Thumb Code    48  feqf.o(x$fpl$feqf)
    _fcmpge                                  0x0800702d   Thumb Code    48  fgeqf.o(x$fpl$fgeqf)
    __aeabi_cfcmple                          0x0800705d   Thumb Code     0  fleqf.o(x$fpl$fleqf)
    _fcmple                                  0x0800705d   Thumb Code    48  fleqf.o(x$fpl$fleqf)
    __fpl_fcmple_InfNaN                      0x08007075   Thumb Code     0  fleqf.o(x$fpl$fleqf)
    __aeabi_fmul                             0x0800708d   Thumb Code     0  fmul.o(x$fpl$fmul)
    _fmul                                    0x0800708d   Thumb Code    18  fmul.o(x$fpl$fmul)
    __fpl_fnaninf                            0x0800709f   Thumb Code   140  fnaninf.o(x$fpl$fnaninf)
    _fp_init                                 0x0800712b   Thumb Code    10  fpinit.o(x$fpl$fpinit)
    __fplib_config_fpu_vfp                   0x08007133   Thumb Code     0  fpinit.o(x$fpl$fpinit)
    __fplib_config_pureend_doubles           0x08007133   Thumb Code     0  fpinit.o(x$fpl$fpinit)
    __fpl_fretinf                            0x08007135   Thumb Code    10  fretinf.o(x$fpl$fretinf)
    __aeabi_fsub                             0x0800713f   Thumb Code     0  faddsub_clz.o(x$fpl$fsub)
    _fsub                                    0x0800713f   Thumb Code    18  faddsub_clz.o(x$fpl$fsub)
    _printf_fp_dec                           0x08007151   Thumb Code     4  printf1.o(x$fpl$printf1)
    UARTPrescTable                           0x08007154   Data          24  stm32g4xx_hal_uart.o(.constdata)
    __I$use$fp                               0x08007154   Number         0  usenofp.o(x$fpl$usenofp)
    AHBPrescTable                            0x0800717c   Data          16  system_stm32g4xx.o(.constdata)
    APBPrescTable                            0x0800718c   Data           8  system_stm32g4xx.o(.constdata)
    F6x8                                     0x0800719c   Data         558  oled_i2c.o(.constdata)
    F8X16                                    0x080073ca   Data        1520  oled_i2c.o(.constdata)
    armBitRevTable                           0x08007a50   Data        2048  arm_common_tables.o(.rodata.armBitRevTable)
    twiddleCoef_4096                         0x08008250   Data       32768  arm_common_tables.o(.rodata.twiddleCoef_4096)
    Region$$Table$$Base                      0x08010250   Number         0  anon$$obj.o(Region$$Table)
    Region$$Table$$Limit                     0x08010270   Number         0  anon$$obj.o(Region$$Table)
    uwTickPrio                               0x20000000   Data           4  stm32g4xx_hal.o(.data)
    uwTickFreq                               0x20000004   Data           4  stm32g4xx_hal.o(.data)
    uwTick                                   0x20000008   Data           4  stm32g4xx_hal.o(.data)
    SystemCoreClock                          0x2000000c   Data           4  system_stm32g4xx.o(.data)
    RevState                                 0x20000012   Data           1  oled_i2c.o(.data)
    brightness                               0x20000013   Data           1  oled_i2c.o(.data)
    isScrolling                              0x20000014   Data           1  oled_i2c.o(.data)
    F16x16                                   0x20000015   Data         544  oled_i2c.o(.data)
    MyUSART1_bufferOverflowFlag              0x20000238   Data           1  myusart1.o(.data)
    MyUSART1_bufferPos                       0x2000023c   Data           4  myusart1.o(.data)
    MyUSART1_dummyHandle                     0x20000240   Data           4  myusart1.o(.data)
    hadc1                                    0x20000244   Data         108  adc.o(.bss)
    hdma_adc1                                0x200002b0   Data          96  adc.o(.bss)
    hdac4                                    0x20000310   Data          20  dac.o(.bss)
    hopamp4                                  0x20000324   Data          60  opamp.o(.bss)
    htim3                                    0x20000360   Data          76  tim.o(.bss)
    huart1                                   0x200003ac   Data         144  usart.o(.bss)
    MyUSART1_buffer                          0x2000043c   Data         100  myusart1.o(.bss)
    ADC_GetValue                             0x200004a0   Data        2048  fft.o(.bss)
    fft_inputbuf                             0x20000ca0   Data        8192  fft.o(.bss)
    fft_outputbuf                            0x20002ca0   Data        4096  fft.o(.bss)
    freamp                                   0x20003ca0   Data         200  fft.o(.bss)
    __libspace_start                         0x20003d68   Data          96  libspace.o(.bss)
    __temporary_stack_top$libspace           0x20003dc8   Data           0  libspace.o(.bss)



==============================================================================

Memory Map of the image

  Image Entry point : 0x080001d9

  Load Region LR_IROM1 (Base: 0x08000000, Size: 0x000104d0, Max: 0x00080000, ABSOLUTE, COMPRESSED[0x00010448])

    Execution Region ER_IROM1 (Exec base: 0x08000000, Load base: 0x08000000, Size: 0x0001028c, Max: 0x00080000, ABSOLUTE)

    Exec Addr    Load Addr    Size         Type   Attr      Idx    E Section Name        Object

    0x08000000   0x08000000   0x000001d8   Data   RO            3    RESET               startup_stm32g474xx.o
    0x080001d8   0x080001d8   0x00000008   Code   RO         5381  * !!!main             c_w.l(__main.o)
    0x080001e0   0x080001e0   0x00000034   Code   RO         5691    !!!scatter          c_w.l(__scatter.o)
    0x08000214   0x08000214   0x0000005a   Code   RO         5689    !!dczerorl2         c_w.l(__dczerorl2.o)
    0x0800026e   0x0800026e   0x00000002   PAD
    0x08000270   0x08000270   0x0000001c   Code   RO         5693    !!handler_zi        c_w.l(__scatter_zi.o)
    0x0800028c   0x0800028c   0x00000000   Code   RO         5374    .ARM.Collect$$_printf_percent$$00000000  c_w.l(_printf_percent.o)
    0x0800028c   0x0800028c   0x00000006   Code   RO         5373    .ARM.Collect$$_printf_percent$$00000003  c_w.l(_printf_f.o)
    0x08000292   0x08000292   0x00000004   Code   RO         5458    .ARM.Collect$$_printf_percent$$00000017  c_w.l(_printf_percent_end.o)
    0x08000296   0x08000296   0x00000002   Code   RO         5563    .ARM.Collect$$libinit$$00000000  c_w.l(libinit.o)
    0x08000298   0x08000298   0x00000004   Code   RO         5564    .ARM.Collect$$libinit$$00000001  c_w.l(libinit2.o)
    0x0800029c   0x0800029c   0x00000000   Code   RO         5567    .ARM.Collect$$libinit$$00000004  c_w.l(libinit2.o)
    0x0800029c   0x0800029c   0x00000000   Code   RO         5570    .ARM.Collect$$libinit$$0000000A  c_w.l(libinit2.o)
    0x0800029c   0x0800029c   0x00000000   Code   RO         5572    .ARM.Collect$$libinit$$0000000C  c_w.l(libinit2.o)
    0x0800029c   0x0800029c   0x00000000   Code   RO         5574    .ARM.Collect$$libinit$$0000000E  c_w.l(libinit2.o)
    0x0800029c   0x0800029c   0x00000006   Code   RO         5575    .ARM.Collect$$libinit$$0000000F  c_w.l(libinit2.o)
    0x080002a2   0x080002a2   0x00000000   Code   RO         5577    .ARM.Collect$$libinit$$00000011  c_w.l(libinit2.o)
    0x080002a2   0x080002a2   0x00000000   Code   RO         5579    .ARM.Collect$$libinit$$00000013  c_w.l(libinit2.o)
    0x080002a2   0x080002a2   0x00000000   Code   RO         5581    .ARM.Collect$$libinit$$00000015  c_w.l(libinit2.o)
    0x080002a2   0x080002a2   0x0000000a   Code   RO         5582    .ARM.Collect$$libinit$$00000016  c_w.l(libinit2.o)
    0x080002ac   0x080002ac   0x00000000   Code   RO         5583    .ARM.Collect$$libinit$$00000017  c_w.l(libinit2.o)
    0x080002ac   0x080002ac   0x00000000   Code   RO         5585    .ARM.Collect$$libinit$$00000019  c_w.l(libinit2.o)
    0x080002ac   0x080002ac   0x00000000   Code   RO         5587    .ARM.Collect$$libinit$$0000001B  c_w.l(libinit2.o)
    0x080002ac   0x080002ac   0x00000000   Code   RO         5589    .ARM.Collect$$libinit$$0000001D  c_w.l(libinit2.o)
    0x080002ac   0x080002ac   0x00000000   Code   RO         5591    .ARM.Collect$$libinit$$0000001F  c_w.l(libinit2.o)
    0x080002ac   0x080002ac   0x00000000   Code   RO         5593    .ARM.Collect$$libinit$$00000021  c_w.l(libinit2.o)
    0x080002ac   0x080002ac   0x00000000   Code   RO         5595    .ARM.Collect$$libinit$$00000023  c_w.l(libinit2.o)
    0x080002ac   0x080002ac   0x00000000   Code   RO         5597    .ARM.Collect$$libinit$$00000025  c_w.l(libinit2.o)
    0x080002ac   0x080002ac   0x00000000   Code   RO         5601    .ARM.Collect$$libinit$$0000002C  c_w.l(libinit2.o)
    0x080002ac   0x080002ac   0x00000000   Code   RO         5603    .ARM.Collect$$libinit$$0000002E  c_w.l(libinit2.o)
    0x080002ac   0x080002ac   0x00000000   Code   RO         5605    .ARM.Collect$$libinit$$00000030  c_w.l(libinit2.o)
    0x080002ac   0x080002ac   0x00000000   Code   RO         5607    .ARM.Collect$$libinit$$00000032  c_w.l(libinit2.o)
    0x080002ac   0x080002ac   0x00000002   Code   RO         5608    .ARM.Collect$$libinit$$00000033  c_w.l(libinit2.o)
    0x080002ae   0x080002ae   0x00000002   Code   RO         5655    .ARM.Collect$$libshutdown$$00000000  c_w.l(libshutdown.o)
    0x080002b0   0x080002b0   0x00000000   Code   RO         5674    .ARM.Collect$$libshutdown$$00000003  c_w.l(libshutdown2.o)
    0x080002b0   0x080002b0   0x00000000   Code   RO         5677    .ARM.Collect$$libshutdown$$00000006  c_w.l(libshutdown2.o)
    0x080002b0   0x080002b0   0x00000000   Code   RO         5680    .ARM.Collect$$libshutdown$$00000009  c_w.l(libshutdown2.o)
    0x080002b0   0x080002b0   0x00000000   Code   RO         5682    .ARM.Collect$$libshutdown$$0000000B  c_w.l(libshutdown2.o)
    0x080002b0   0x080002b0   0x00000000   Code   RO         5685    .ARM.Collect$$libshutdown$$0000000E  c_w.l(libshutdown2.o)
    0x080002b0   0x080002b0   0x00000002   Code   RO         5686    .ARM.Collect$$libshutdown$$0000000F  c_w.l(libshutdown2.o)
    0x080002b2   0x080002b2   0x00000000   Code   RO         5445    .ARM.Collect$$rtentry$$00000000  c_w.l(__rtentry.o)
    0x080002b2   0x080002b2   0x00000000   Code   RO         5479    .ARM.Collect$$rtentry$$00000002  c_w.l(__rtentry2.o)
    0x080002b2   0x080002b2   0x00000006   Code   RO         5491    .ARM.Collect$$rtentry$$00000004  c_w.l(__rtentry4.o)
    0x080002b8   0x080002b8   0x00000000   Code   RO         5481    .ARM.Collect$$rtentry$$00000009  c_w.l(__rtentry2.o)
    0x080002b8   0x080002b8   0x00000004   Code   RO         5482    .ARM.Collect$$rtentry$$0000000A  c_w.l(__rtentry2.o)
    0x080002bc   0x080002bc   0x00000000   Code   RO         5484    .ARM.Collect$$rtentry$$0000000C  c_w.l(__rtentry2.o)
    0x080002bc   0x080002bc   0x00000008   Code   RO         5485    .ARM.Collect$$rtentry$$0000000D  c_w.l(__rtentry2.o)
    0x080002c4   0x080002c4   0x00000002   Code   RO         5609    .ARM.Collect$$rtexit$$00000000  c_w.l(rtexit.o)
    0x080002c6   0x080002c6   0x00000000   Code   RO         5624    .ARM.Collect$$rtexit$$00000002  c_w.l(rtexit2.o)
    0x080002c6   0x080002c6   0x00000004   Code   RO         5625    .ARM.Collect$$rtexit$$00000003  c_w.l(rtexit2.o)
    0x080002ca   0x080002ca   0x00000006   Code   RO         5626    .ARM.Collect$$rtexit$$00000004  c_w.l(rtexit2.o)
    0x080002d0   0x080002d0   0x00000040   Code   RO            4    .text               startup_stm32g474xx.o
    0x08000310   0x08000310   0x000000ee   Code   RO         5345    .text               c_w.l(lludivv7m.o)
    0x080003fe   0x080003fe   0x00000002   PAD
    0x08000400   0x08000400   0x00000028   Code   RO         5349    .text               c_w.l(noretval__2sprintf.o)
    0x08000428   0x08000428   0x00000160   Code   RO         5368    .text               c_w.l(__printf_ss_wp.o)
    0x08000588   0x08000588   0x0000003e   Code   RO         5375    .text               c_w.l(strlen.o)
    0x080005c6   0x080005c6   0x0000004e   Code   RO         5377    .text               c_w.l(rt_memclr_w.o)
    0x08000614   0x08000614   0x00000006   Code   RO         5379    .text               c_w.l(heapauxi.o)
    0x0800061a   0x0800061a   0x00000016   Code   RO         5450    .text               c_w.l(_rserrno.o)
    0x08000630   0x08000630   0x0000041a   Code   RO         5452    .text               c_w.l(_printf_fp_dec.o)
    0x08000a4a   0x08000a4a   0x00000002   PAD
    0x08000a4c   0x08000a4c   0x00000030   Code   RO         5454    .text               c_w.l(_printf_char_common.o)
    0x08000a7c   0x08000a7c   0x0000000a   Code   RO         5456    .text               c_w.l(_sputc.o)
    0x08000a86   0x08000a86   0x00000002   PAD
    0x08000a88   0x08000a88   0x00000008   Code   RO         5498    .text               c_w.l(rt_locale_intlibspace.o)
    0x08000a90   0x08000a90   0x00000008   Code   RO         5503    .text               c_w.l(rt_errno_addr_intlibspace.o)
    0x08000a98   0x08000a98   0x0000008a   Code   RO         5505    .text               c_w.l(lludiv10.o)
    0x08000b22   0x08000b22   0x00000002   PAD
    0x08000b24   0x08000b24   0x00000080   Code   RO         5507    .text               c_w.l(_printf_fp_infnan.o)
    0x08000ba4   0x08000ba4   0x000000dc   Code   RO         5511    .text               c_w.l(bigflt0.o)
    0x08000c80   0x08000c80   0x00000008   Code   RO         5545    .text               c_w.l(libspace.o)
    0x08000c88   0x08000c88   0x0000004a   Code   RO         5548    .text               c_w.l(sys_stackheap_outer.o)
    0x08000cd2   0x08000cd2   0x0000000c   Code   RO         5550    .text               c_w.l(exit.o)
    0x08000cde   0x08000cde   0x00000002   PAD
    0x08000ce0   0x08000ce0   0x00000080   Code   RO         5556    .text               c_w.l(strcmpv7m.o)
    0x08000d60   0x08000d60   0x0000000c   Code   RO         5621    .text               c_w.l(sys_exit.o)
    0x08000d6c   0x08000d6c   0x00000002   Code   RO         5642    .text               c_w.l(use_no_semi.o)
    0x08000d6e   0x08000d6e   0x00000000   Code   RO         5644    .text               c_w.l(indicate_semi.o)
    0x08000d6e   0x08000d6e   0x00000002   PAD
    0x08000d70   0x08000d70   0x000000ae   Code   RO         5234    .text.arm_bitreversal_f32  arm_cortexM4l_math.lib(arm_bitreversal.o)
    0x08000e1e   0x08000e1e   0x00000042   Code   RO         5199    .text.arm_cfft_radix4_f32  arm_cortexM4l_math.lib(arm_cfft_radix4_f32.o)
    0x08000e60   0x08000e60   0x0000007c   Code   RO         5214    .text.arm_cfft_radix4_init_f32  arm_cortexM4l_math.lib(arm_cfft_radix4_init_f32.o)
    0x08000edc   0x08000edc   0x000000e8   Code   RO         5189    .text.arm_cmplx_mag_f32  arm_cortexM4l_math.lib(arm_cmplx_mag_f32.o)
    0x08000fc4   0x08000fc4   0x00000120   Code   RO         5224    .text.arm_max_f32   arm_cortexM4l_math.lib(arm_max_f32.o)
    0x080010e4   0x080010e4   0x00000568   Code   RO         5203    .text.arm_radix4_butterfly_f32  arm_cortexM4l_math.lib(arm_cfft_radix4_f32.o)
    0x0800164c   0x0800164c   0x0000059a   Code   RO         5201    .text.arm_radix4_butterfly_inverse_f32  arm_cortexM4l_math.lib(arm_cfft_radix4_f32.o)
    0x08001be6   0x08001be6   0x0000003e   Code   RO         5514    CL$$btod_d2e        c_w.l(btod.o)
    0x08001c24   0x08001c24   0x00000046   Code   RO         5516    CL$$btod_d2e_denorm_low  c_w.l(btod.o)
    0x08001c6a   0x08001c6a   0x00000060   Code   RO         5515    CL$$btod_d2e_norm_op1  c_w.l(btod.o)
    0x08001cca   0x08001cca   0x00000338   Code   RO         5524    CL$$btod_div_common  c_w.l(btod.o)
    0x08002002   0x08002002   0x000000c6   Code   RO         5521    CL$$btod_e2e        c_w.l(btod.o)
    0x080020c8   0x080020c8   0x00000028   Code   RO         5518    CL$$btod_ediv       c_w.l(btod.o)
    0x080020f0   0x080020f0   0x00000028   Code   RO         5517    CL$$btod_emul       c_w.l(btod.o)
    0x08002118   0x08002118   0x00000244   Code   RO         5523    CL$$btod_mult_common  c_w.l(btod.o)
    0x0800235c   0x0800235c   0x00000068   Code   RO          614    i.ADC_DMAConvCplt   stm32g4xx_hal_adc.o
    0x080023c4   0x080023c4   0x0000001a   Code   RO          615    i.ADC_DMAError      stm32g4xx_hal_adc.o
    0x080023de   0x080023de   0x0000000a   Code   RO          616    i.ADC_DMAHalfConvCplt  stm32g4xx_hal_adc.o
    0x080023e8   0x080023e8   0x00000074   Code   RO          618    i.ADC_Enable        stm32g4xx_hal_adc.o
    0x0800245c   0x0800245c   0x00000024   Code   RO         5118    i.ADC_Get           fft.o
    0x08002480   0x08002480   0x0000002c   Code   RO         5119    i.ADC_Init          fft.o
    0x080024ac   0x080024ac   0x0000007c   Code   RO         4784    i.BackGround        oled_i2c.o
    0x08002528   0x08002528   0x00000002   Code   RO          495    i.BusFault_Handler  stm32g4xx_it.o
    0x0800252a   0x0800252a   0x00000002   PAD
    0x0800252c   0x0800252c   0x0000000c   Code   RO          496    i.DMA1_Channel1_IRQHandler  stm32g4xx_it.o
    0x08002538   0x08002538   0x00000040   Code   RO         1909    i.DMA_CalcDMAMUXChannelBaseAndMask  stm32g4xx_hal_dma.o
    0x08002578   0x08002578   0x00000024   Code   RO         1910    i.DMA_CalcDMAMUXRequestGenBaseAndMask  stm32g4xx_hal_dma.o
    0x0800259c   0x0800259c   0x0000003e   Code   RO         1911    i.DMA_SetConfig     stm32g4xx_hal_dma.o
    0x080025da   0x080025da   0x00000002   Code   RO          497    i.DebugMon_Handler  stm32g4xx_it.o
    0x080025dc   0x080025dc   0x00000008   Code   RO          498    i.EXTI15_10_IRQHandler  stm32g4xx_it.o
    0x080025e4   0x080025e4   0x00000004   Code   RO           13    i.Error_Handler     main.o
    0x080025e8   0x080025e8   0x00000090   Code   RO         5120    i.Fre_Control       fft.o
    0x08002678   0x08002678   0x000001b8   Code   RO         5121    i.Get_Show_THD      fft.o
    0x08002830   0x08002830   0x000000b0   Code   RO         5122    i.Get_amp           fft.o
    0x080028e0   0x080028e0   0x0000015c   Code   RO          868    i.HAL_ADCEx_MultiModeConfigChannel  stm32g4xx_hal_adc_ex.o
    0x08002a3c   0x08002a3c   0x0000045c   Code   RO          620    i.HAL_ADC_ConfigChannel  stm32g4xx_hal_adc.o
    0x08002e98   0x08002e98   0x00000018   Code   RO           14    i.HAL_ADC_ConvCpltCallback  main.o
    0x08002eb0   0x08002eb0   0x00000002   Code   RO          622    i.HAL_ADC_ConvHalfCpltCallback  stm32g4xx_hal_adc.o
    0x08002eb2   0x08002eb2   0x00000002   Code   RO          624    i.HAL_ADC_ErrorCallback  stm32g4xx_hal_adc.o
    0x08002eb4   0x08002eb4   0x00000238   Code   RO          629    i.HAL_ADC_Init      stm32g4xx_hal_adc.o
    0x080030ec   0x080030ec   0x000000ac   Code   RO          262    i.HAL_ADC_MspInit   adc.o
    0x08003198   0x08003198   0x0000012c   Code   RO          637    i.HAL_ADC_Start_DMA  stm32g4xx_hal_adc.o
    0x080032c4   0x080032c4   0x000001b4   Code   RO         2554    i.HAL_DAC_ConfigChannel  stm32g4xx_hal_dac.o
    0x08003478   0x08003478   0x00000028   Code   RO         2564    i.HAL_DAC_Init      stm32g4xx_hal_dac.o
    0x080034a0   0x080034a0   0x00000028   Code   RO          304    i.HAL_DAC_MspInit   dac.o
    0x080034c8   0x080034c8   0x0000001a   Code   RO         2567    i.HAL_DAC_SetValue  stm32g4xx_hal_dac.o
    0x080034e2   0x080034e2   0x00000068   Code   RO         2568    i.HAL_DAC_Start     stm32g4xx_hal_dac.o
    0x0800354a   0x0800354a   0x0000006a   Code   RO         1912    i.HAL_DMA_Abort     stm32g4xx_hal_dma.o
    0x080035b4   0x080035b4   0x00000078   Code   RO         1913    i.HAL_DMA_Abort_IT  stm32g4xx_hal_dma.o
    0x0800362c   0x0800362c   0x000000ba   Code   RO         1917    i.HAL_DMA_IRQHandler  stm32g4xx_hal_dma.o
    0x080036e6   0x080036e6   0x00000002   PAD
    0x080036e8   0x080036e8   0x000000c0   Code   RO         1918    i.HAL_DMA_Init      stm32g4xx_hal_dma.o
    0x080037a8   0x080037a8   0x0000008c   Code   RO         1922    i.HAL_DMA_Start_IT  stm32g4xx_hal_dma.o
    0x08003834   0x08003834   0x00000024   Code   RO         1067    i.HAL_Delay         stm32g4xx_hal.o
    0x08003858   0x08003858   0x00000002   Code   RO           15    i.HAL_GPIO_EXTI_Callback  main.o
    0x0800385a   0x0800385a   0x00000002   PAD
    0x0800385c   0x0800385c   0x00000018   Code   RO         1773    i.HAL_GPIO_EXTI_IRQHandler  stm32g4xx_hal_gpio.o
    0x08003874   0x08003874   0x00000248   Code   RO         1774    i.HAL_GPIO_Init     stm32g4xx_hal_gpio.o
    0x08003abc   0x08003abc   0x0000000a   Code   RO         1776    i.HAL_GPIO_ReadPin  stm32g4xx_hal_gpio.o
    0x08003ac6   0x08003ac6   0x0000000a   Code   RO         1778    i.HAL_GPIO_WritePin  stm32g4xx_hal_gpio.o
    0x08003ad0   0x08003ad0   0x0000000c   Code   RO         1071    i.HAL_GetTick       stm32g4xx_hal.o
    0x08003adc   0x08003adc   0x00000010   Code   RO         1074    i.HAL_IncTick       stm32g4xx_hal.o
    0x08003aec   0x08003aec   0x0000001e   Code   RO         1075    i.HAL_Init          stm32g4xx_hal.o
    0x08003b0a   0x08003b0a   0x00000002   PAD
    0x08003b0c   0x08003b0c   0x00000044   Code   RO         1076    i.HAL_InitTick      stm32g4xx_hal.o
    0x08003b50   0x08003b50   0x00000030   Code   RO          589    i.HAL_MspInit       stm32g4xx_hal_msp.o
    0x08003b80   0x08003b80   0x0000001a   Code   RO         2421    i.HAL_NVIC_EnableIRQ  stm32g4xx_hal_cortex.o
    0x08003b9a   0x08003b9a   0x00000002   PAD
    0x08003b9c   0x08003b9c   0x00000040   Code   RO         2427    i.HAL_NVIC_SetPriority  stm32g4xx_hal_cortex.o
    0x08003bdc   0x08003bdc   0x00000024   Code   RO         2428    i.HAL_NVIC_SetPriorityGrouping  stm32g4xx_hal_cortex.o
    0x08003c00   0x08003c00   0x000000f4   Code   RO         2842    i.HAL_OPAMP_Init    stm32g4xx_hal_opamp.o
    0x08003cf4   0x08003cf4   0x00000050   Code   RO          370    i.HAL_OPAMP_MspInit  opamp.o
    0x08003d44   0x08003d44   0x0000002c   Code   RO         2848    i.HAL_OPAMP_Start   stm32g4xx_hal_opamp.o
    0x08003d70   0x08003d70   0x000000bc   Code   RO         2177    i.HAL_PWREx_ControlVoltageScaling  stm32g4xx_hal_pwr_ex.o
    0x08003e2c   0x08003e2c   0x00000010   Code   RO         2189    i.HAL_PWREx_DisableUCPDDeadBattery  stm32g4xx_hal_pwr_ex.o
    0x08003e3c   0x08003e3c   0x00000300   Code   RO         1420    i.HAL_RCCEx_PeriphCLKConfig  stm32g4xx_hal_rcc_ex.o
    0x0800413c   0x0800413c   0x000001dc   Code   RO         1295    i.HAL_RCC_ClockConfig  stm32g4xx_hal_rcc.o
    0x08004318   0x08004318   0x0000000c   Code   RO         1301    i.HAL_RCC_GetHCLKFreq  stm32g4xx_hal_rcc.o
    0x08004324   0x08004324   0x00000024   Code   RO         1303    i.HAL_RCC_GetPCLK1Freq  stm32g4xx_hal_rcc.o
    0x08004348   0x08004348   0x00000024   Code   RO         1304    i.HAL_RCC_GetPCLK2Freq  stm32g4xx_hal_rcc.o
    0x0800436c   0x0800436c   0x00000070   Code   RO         1305    i.HAL_RCC_GetSysClockFreq  stm32g4xx_hal_rcc.o
    0x080043dc   0x080043dc   0x0000040c   Code   RO         1308    i.HAL_RCC_OscConfig  stm32g4xx_hal_rcc.o
    0x080047e8   0x080047e8   0x00000018   Code   RO         2430    i.HAL_SYSTICK_CLKSourceConfig  stm32g4xx_hal_cortex.o
    0x08004800   0x08004800   0x00000028   Code   RO         2432    i.HAL_SYSTICK_Config  stm32g4xx_hal_cortex.o
    0x08004828   0x08004828   0x000000b8   Code   RO         3705    i.HAL_TIMEx_MasterConfigSynchronization  stm32g4xx_hal_tim_ex.o
    0x080048e0   0x080048e0   0x00000062   Code   RO         2949    i.HAL_TIM_Base_Init  stm32g4xx_hal_tim.o
    0x08004942   0x08004942   0x00000002   PAD
    0x08004944   0x08004944   0x00000028   Code   RO          412    i.HAL_TIM_Base_MspInit  tim.o
    0x0800496c   0x0800496c   0x00000080   Code   RO         2952    i.HAL_TIM_Base_Start  stm32g4xx_hal_tim.o
    0x080049ec   0x080049ec   0x000000f0   Code   RO         2958    i.HAL_TIM_ConfigClockSource  stm32g4xx_hal_tim.o
    0x08004adc   0x08004adc   0x0000003e   Code   RO         4512    i.HAL_UARTEx_DisableFifoMode  stm32g4xx_hal_uart_ex.o
    0x08004b1a   0x08004b1a   0x00000002   Code   RO         4101    i.HAL_UARTEx_RxEventCallback  stm32g4xx_hal_uart.o
    0x08004b1c   0x08004b1c   0x00000002   Code   RO         4519    i.HAL_UARTEx_RxFifoFullCallback  stm32g4xx_hal_uart_ex.o
    0x08004b1e   0x08004b1e   0x0000004c   Code   RO         4520    i.HAL_UARTEx_SetRxFifoThreshold  stm32g4xx_hal_uart_ex.o
    0x08004b6a   0x08004b6a   0x0000004c   Code   RO         4521    i.HAL_UARTEx_SetTxFifoThreshold  stm32g4xx_hal_uart_ex.o
    0x08004bb6   0x08004bb6   0x00000002   Code   RO         4523    i.HAL_UARTEx_TxFifoEmptyCallback  stm32g4xx_hal_uart_ex.o
    0x08004bb8   0x08004bb8   0x00000002   Code   RO         4524    i.HAL_UARTEx_WakeupCallback  stm32g4xx_hal_uart_ex.o
    0x08004bba   0x08004bba   0x00000002   Code   RO         4117    i.HAL_UART_ErrorCallback  stm32g4xx_hal_uart.o
    0x08004bbc   0x08004bbc   0x000002e0   Code   RO         4120    i.HAL_UART_IRQHandler  stm32g4xx_hal_uart.o
    0x08004e9c   0x08004e9c   0x0000006a   Code   RO         4121    i.HAL_UART_Init     stm32g4xx_hal_uart.o
    0x08004f06   0x08004f06   0x00000002   PAD
    0x08004f08   0x08004f08   0x000000b4   Code   RO          454    i.HAL_UART_MspInit  usart.o
    0x08004fbc   0x08004fbc   0x00000002   Code   RO         4133    i.HAL_UART_TxCpltCallback  stm32g4xx_hal_uart.o
    0x08004fbe   0x08004fbe   0x00000002   Code   RO          499    i.HardFault_Handler  stm32g4xx_it.o
    0x08004fc0   0x08004fc0   0x00000030   Code   RO         4785    i.I2C_WriteByte     oled_i2c.o
    0x08004ff0   0x08004ff0   0x00000020   Code   RO         4716    i.IIC_Init          myiic.o
    0x08005010   0x08005010   0x00000078   Code   RO         4719    i.IIC_Send_Byte     myiic.o
    0x08005088   0x08005088   0x00000054   Code   RO         4720    i.IIC_Start         myiic.o
    0x080050dc   0x080050dc   0x00000058   Code   RO         4721    i.IIC_Stop          myiic.o
    0x08005134   0x08005134   0x0000006c   Code   RO         4722    i.IIC_Wait_Ack      myiic.o
    0x080051a0   0x080051a0   0x0000000c   Code   RO          643    i.LL_ADC_GetOffsetChannel  stm32g4xx_hal_adc.o
    0x080051ac   0x080051ac   0x00000008   Code   RO          644    i.LL_ADC_INJ_IsConversionOngoing  stm32g4xx_hal_adc.o
    0x080051b4   0x080051b4   0x00000008   Code   RO          645    i.LL_ADC_REG_IsConversionOngoing  stm32g4xx_hal_adc.o
    0x080051bc   0x080051bc   0x00000008   Code   RO          878    i.LL_ADC_REG_IsConversionOngoing  stm32g4xx_hal_adc_ex.o
    0x080051c4   0x080051c4   0x00000010   Code   RO          646    i.LL_ADC_REG_IsTriggerSourceSWStart  stm32g4xx_hal_adc.o
    0x080051d4   0x080051d4   0x0000001e   Code   RO          648    i.LL_ADC_SetChannelSamplingTime  stm32g4xx_hal_adc.o
    0x080051f2   0x080051f2   0x00000010   Code   RO          649    i.LL_ADC_SetOffsetState  stm32g4xx_hal_adc.o
    0x08005202   0x08005202   0x00000002   PAD
    0x08005204   0x08005204   0x00000098   Code   RO          263    i.MX_ADC1_Init      adc.o
    0x0800529c   0x0800529c   0x00000058   Code   RO          305    i.MX_DAC4_Init      dac.o
    0x080052f4   0x080052f4   0x0000003c   Code   RO          345    i.MX_DMA_Init       dma.o
    0x08005330   0x08005330   0x000000c0   Code   RO          237    i.MX_GPIO_Init      gpio.o
    0x080053f0   0x080053f0   0x0000003c   Code   RO          371    i.MX_OPAMP4_Init    opamp.o
    0x0800542c   0x0800542c   0x00000068   Code   RO          413    i.MX_TIM3_Init      tim.o
    0x08005494   0x08005494   0x00000068   Code   RO          455    i.MX_USART1_UART_Init  usart.o
    0x080054fc   0x080054fc   0x00000002   Code   RO          500    i.MemManage_Handler  stm32g4xx_it.o
    0x080054fe   0x080054fe   0x00000002   PAD
    0x08005500   0x08005500   0x00000034   Code   RO         4969    i.MyUSART1_IRQHandler  myusart1.o
    0x08005534   0x08005534   0x00000014   Code   RO         4970    i.MyUSART1_Init     myusart1.o
    0x08005548   0x08005548   0x00000002   Code   RO          501    i.NMI_Handler       stm32g4xx_it.o
    0x0800554a   0x0800554a   0x00000006   Code   RO         4786    i.OLED_CLS          oled_i2c.o
    0x08005550   0x08005550   0x00000038   Code   RO         4789    i.OLED_Fill         oled_i2c.o
    0x08005588   0x08005588   0x000000c8   Code   RO         4791    i.OLED_Init         oled_i2c.o
    0x08005650   0x08005650   0x00000026   Code   RO         4797    i.OLED_SetPos       oled_i2c.o
    0x08005676   0x08005676   0x00000002   PAD
    0x08005678   0x08005678   0x00000048   Code   RO         4798    i.OLED_ShowCN       oled_i2c.o
    0x080056c0   0x080056c0   0x0000007c   Code   RO         4799    i.OLED_ShowChar     oled_i2c.o
    0x0800573c   0x0800573c   0x00000038   Code   RO         4800    i.OLED_ShowFloat    oled_i2c.o
    0x08005774   0x08005774   0x000000d8   Code   RO         4804    i.OLED_ShowStr      oled_i2c.o
    0x0800584c   0x0800584c   0x00000002   Code   RO          502    i.PendSV_Handler    stm32g4xx_it.o
    0x0800584e   0x0800584e   0x00000002   Code   RO          503    i.SVC_Handler       stm32g4xx_it.o
    0x08005850   0x08005850   0x00000004   Code   RO          504    i.SysTick_Handler   stm32g4xx_it.o
    0x08005854   0x08005854   0x00000066   Code   RO           16    i.SystemClock_Config  main.o
    0x080058ba   0x080058ba   0x00000002   PAD
    0x080058bc   0x080058bc   0x00000010   Code   RO         4625    i.SystemInit        system_stm32g4xx.o
    0x080058cc   0x080058cc   0x000000d4   Code   RO         3042    i.TIM_Base_SetConfig  stm32g4xx_hal_tim.o
    0x080059a0   0x080059a0   0x00000014   Code   RO         3053    i.TIM_ETR_SetConfig  stm32g4xx_hal_tim.o
    0x080059b4   0x080059b4   0x00000014   Code   RO         3054    i.TIM_ITRx_SetConfig  stm32g4xx_hal_tim.o
    0x080059c8   0x080059c8   0x00000022   Code   RO         3062    i.TIM_TI1_ConfigInputStage  stm32g4xx_hal_tim.o
    0x080059ea   0x080059ea   0x00000024   Code   RO         3064    i.TIM_TI2_ConfigInputStage  stm32g4xx_hal_tim.o
    0x08005a0e   0x08005a0e   0x00000002   PAD
    0x08005a10   0x08005a10   0x00000044   Code   RO         4525    i.UARTEx_SetNbDataToProcess  stm32g4xx_hal_uart_ex.o
    0x08005a54   0x08005a54   0x000000c8   Code   RO         4135    i.UART_AdvFeatureConfig  stm32g4xx_hal_uart.o
    0x08005b1c   0x08005b1c   0x00000060   Code   RO         4136    i.UART_CheckIdleState  stm32g4xx_hal_uart.o
    0x08005b7c   0x08005b7c   0x00000014   Code   RO         4137    i.UART_DMAAbortOnError  stm32g4xx_hal_uart.o
    0x08005b90   0x08005b90   0x00000054   Code   RO         4147    i.UART_EndRxTransfer  stm32g4xx_hal_uart.o
    0x08005be4   0x08005be4   0x00000298   Code   RO         4153    i.UART_SetConfig    stm32g4xx_hal_uart.o
    0x08005e7c   0x08005e7c   0x000000c6   Code   RO         4160    i.UART_WaitOnFlagUntilTimeout  stm32g4xx_hal_uart.o
    0x08005f42   0x08005f42   0x00000002   PAD
    0x08005f44   0x08005f44   0x0000001c   Code   RO          505    i.USART1_IRQHandler  stm32g4xx_it.o
    0x08005f60   0x08005f60   0x00000002   Code   RO          506    i.UsageFault_Handler  stm32g4xx_it.o
    0x08005f62   0x08005f62   0x00000008   Code   RO         4806    i.WriteCmd          oled_i2c.o
    0x08005f6a   0x08005f6a   0x00000008   Code   RO         4807    i.WriteDat          oled_i2c.o
    0x08005f72   0x08005f72   0x00000030   Code   RO         5543    i.__ARM_fpclassify  m_wm.l(fpclassify.o)
    0x08005fa2   0x08005fa2   0x00000020   Code   RO         2434    i.__NVIC_SetPriority  stm32g4xx_hal_cortex.o
    0x08005fc2   0x08005fc2   0x0000007a   Code   RO         5421    i.__hardfp_sqrt     m_wm.l(sqrt.o)
    0x0800603c   0x0800603c   0x0000000e   Code   RO         5363    i._is_digit         c_w.l(__printf_wp.o)
    0x0800604a   0x0800604a   0x00000002   PAD
    0x0800604c   0x0800604c   0x00000014   Code   RO         4663    i.delay_init        delay.o
    0x08006060   0x08006060   0x0000000a   Code   RO         4664    i.delay_ms          delay.o
    0x0800606a   0x0800606a   0x00000002   PAD
    0x0800606c   0x0800606c   0x00000034   Code   RO         4666    i.delay_us          delay.o
    0x080060a0   0x080060a0   0x000000ec   Code   RO         5123    i.fft               fft.o
    0x0800618c   0x0800618c   0x000000fc   Code   RO         5124    i.fft_getpeak       fft.o
    0x08006288   0x08006288   0x0000006c   Code   RO           17    i.main              main.o
    0x080062f4   0x080062f4   0x0000003e   Code   RO         5435    i.sqrtf             m_wm.l(sqrtf.o)
    0x08006332   0x08006332   0x00000002   PAD
    0x08006334   0x08006334   0x00000094   Code   RO         5125    i.wave_determine    fft.o
    0x080063c8   0x080063c8   0x00000042   Code   RO         4808    i.wave_show         oled_i2c.o
    0x0800640a   0x0800640a   0x00000002   PAD
    0x0800640c   0x0800640c   0x0000002c   Code   RO         5537    locale$$code        c_w.l(lc_numeric_c.o)
    0x08006438   0x08006438   0x00000062   Code   RO         5383    x$fpl$d2f           fz_wm.l(d2f.o)
    0x0800649a   0x0800649a   0x00000002   PAD
    0x0800649c   0x0800649c   0x00000150   Code   RO         5385    x$fpl$dadd          fz_wm.l(daddsub_clz.o)
    0x080065ec   0x080065ec   0x00000018   Code   RO         5459    x$fpl$dcmpinf       fz_wm.l(dcmpi.o)
    0x08006604   0x08006604   0x000002b0   Code   RO         5392    x$fpl$ddiv          fz_wm.l(ddiv.o)
    0x080068b4   0x080068b4   0x00000026   Code   RO         5395    x$fpl$dfltu         fz_wm.l(dflt_clz.o)
    0x080068da   0x080068da   0x00000002   PAD
    0x080068dc   0x080068dc   0x00000078   Code   RO         5401    x$fpl$dleqf         fz_wm.l(dleqf.o)
    0x08006954   0x08006954   0x00000154   Code   RO         5403    x$fpl$dmul          fz_wm.l(dmul.o)
    0x08006aa8   0x08006aa8   0x0000009c   Code   RO         5461    x$fpl$dnaninf       fz_wm.l(dnaninf.o)
    0x08006b44   0x08006b44   0x0000000c   Code   RO         5463    x$fpl$dretinf       fz_wm.l(dretinf.o)
    0x08006b50   0x08006b50   0x0000006c   Code   RO         5405    x$fpl$drleqf        fz_wm.l(drleqf.o)
    0x08006bbc   0x08006bbc   0x00000198   Code   RO         5465    x$fpl$dsqrt         fz_wm.l(dsqrt_umaal.o)
    0x08006d54   0x08006d54   0x000001d4   Code   RO         5387    x$fpl$dsub          fz_wm.l(daddsub_clz.o)
    0x08006f28   0x08006f28   0x00000056   Code   RO         5407    x$fpl$f2d           fz_wm.l(f2d.o)
    0x08006f7e   0x08006f7e   0x00000012   Code   RO         5409    x$fpl$fadd          fz_wm.l(faddsub_clz.o)
    0x08006f90   0x08006f90   0x00000054   Code   RO         5415    x$fpl$fcmp          fz_wm.l(fcmp.o)
    0x08006fe4   0x08006fe4   0x00000018   Code   RO         5539    x$fpl$fcmpinf       fz_wm.l(fcmpi.o)
    0x08006ffc   0x08006ffc   0x00000030   Code   RO         5467    x$fpl$feqf          fz_wm.l(feqf.o)
    0x0800702c   0x0800702c   0x00000030   Code   RO         5469    x$fpl$fgeqf         fz_wm.l(fgeqf.o)
    0x0800705c   0x0800705c   0x00000030   Code   RO         5471    x$fpl$fleqf         fz_wm.l(fleqf.o)
    0x0800708c   0x0800708c   0x00000012   Code   RO         5417    x$fpl$fmul          fz_wm.l(fmul.o)
    0x0800709e   0x0800709e   0x0000008c   Code   RO         5473    x$fpl$fnaninf       fz_wm.l(fnaninf.o)
    0x0800712a   0x0800712a   0x0000000a   Code   RO         5619    x$fpl$fpinit        fz_wm.l(fpinit.o)
    0x08007134   0x08007134   0x0000000a   Code   RO         5475    x$fpl$fretinf       fz_wm.l(fretinf.o)
    0x0800713e   0x0800713e   0x00000012   Code   RO         5410    x$fpl$fsub          fz_wm.l(faddsub_clz.o)
    0x08007150   0x08007150   0x00000004   Code   RO         5419    x$fpl$printf1       fz_wm.l(printf1.o)
    0x08007154   0x08007154   0x00000000   Code   RO         5477    x$fpl$usenofp       fz_wm.l(usenofp.o)
    0x08007154   0x08007154   0x00000018   Data   RO         4161    .constdata          stm32g4xx_hal_uart.o
    0x0800716c   0x0800716c   0x00000010   Data   RO         4526    .constdata          stm32g4xx_hal_uart_ex.o
    0x0800717c   0x0800717c   0x00000010   Data   RO         4626    .constdata          system_stm32g4xx.o
    0x0800718c   0x0800718c   0x00000008   Data   RO         4627    .constdata          system_stm32g4xx.o
    0x08007194   0x08007194   0x00000826   Data   RO         4810    .constdata          oled_i2c.o
    0x080079ba   0x080079ba   0x00000002   PAD
    0x080079bc   0x080079bc   0x00000094   Data   RO         5512    .constdata          c_w.l(bigflt0.o)
    0x08007a50   0x08007a50   0x00000800   Data   RO         5249    .rodata.armBitRevTable  arm_cortexM4l_math.lib(arm_common_tables.o)
    0x08008250   0x08008250   0x00008000   Data   RO         5258    .rodata.twiddleCoef_4096  arm_cortexM4l_math.lib(arm_common_tables.o)
    0x08010250   0x08010250   0x00000020   Data   RO         5687    Region$$Table       anon$$obj.o
    0x08010270   0x08010270   0x0000001c   Data   RO         5536    locale$$data        c_w.l(lc_numeric_c.o)


    Execution Region RW_IRAM1 (Exec base: 0x20000000, Load base: 0x0801028c, Size: 0x000043c8, Max: 0x00020000, ABSOLUTE, COMPRESSED[0x000001bc])

    Exec Addr    Load Addr    Size         Type   Attr      Idx    E Section Name        Object

    0x20000000   COMPRESSED   0x0000000c   Data   RW         1095    .data               stm32g4xx_hal.o
    0x2000000c   COMPRESSED   0x00000004   Data   RW         4628    .data               system_stm32g4xx.o
    0x20000010   COMPRESSED   0x00000002   Data   RW         4667    .data               delay.o
    0x20000012   COMPRESSED   0x00000223   Data   RW         4811    .data               oled_i2c.o
    0x20000235   COMPRESSED   0x00000003   PAD
    0x20000238   COMPRESSED   0x0000000c   Data   RW         4987    .data               myusart1.o
    0x20000244        -       0x000000cc   Zero   RW          264    .bss                adc.o
    0x20000310        -       0x00000014   Zero   RW          306    .bss                dac.o
    0x20000324        -       0x0000003c   Zero   RW          372    .bss                opamp.o
    0x20000360        -       0x0000004c   Zero   RW          414    .bss                tim.o
    0x200003ac        -       0x00000090   Zero   RW          456    .bss                usart.o
    0x2000043c        -       0x00000064   Zero   RW         4986    .bss                myusart1.o
    0x200004a0        -       0x000038c8   Zero   RW         5126    .bss                fft.o
    0x20003d68        -       0x00000060   Zero   RW         5546    .bss                c_w.l(libspace.o)
    0x20003dc8        -       0x00000200   Zero   RW            2    HEAP                startup_stm32g474xx.o
    0x20003fc8        -       0x00000400   Zero   RW            1    STACK               startup_stm32g474xx.o


==============================================================================

Image component sizes


      Code (inc. data)   RO Data    RW Data    ZI Data      Debug   Object Name

       324         22          0          0        204       1887   adc.o
       128         20          0          0         20       1573   dac.o
        82          8          0          2          0       1743   delay.o
        60          4          0          0          0        814   dma.o
      1476        166          0          0      14536       6284   fft.o
       192         12          0          0          0        999   gpio.o
       240         18          0          0          0     944617   main.o
       432         24          0          0          0       2805   myiic.o
        72         16          0         12        100       3380   myusart1.o
      1022         46       2086        547          0       9578   oled_i2c.o
       140         22          0          0         60       1643   opamp.o
        64         26        472          0       1536        844   startup_stm32g474xx.o
       162         24          0         12          0       4257   stm32g4xx_hal.o
      2334        154          0          0          0      78474   stm32g4xx_hal_adc.o
       356         26          0          0          0      68603   stm32g4xx_hal_adc_ex.o
       222         14          0          0          0      34101   stm32g4xx_hal_cortex.o
       606          8          0          0          0       3742   stm32g4xx_hal_dac.o
       906         30          0          0          0       5970   stm32g4xx_hal_dma.o
       628         40          0          0          0       3282   stm32g4xx_hal_gpio.o
        48          6          0          0          0        866   stm32g4xx_hal_msp.o
       288          8          0          0          0       2323   stm32g4xx_hal_opamp.o
       204         18          0          0          0       1385   stm32g4xx_hal_pwr_ex.o
      1708         98          0          0          0       6536   stm32g4xx_hal_rcc.o
       768         10          0          0          0       1888   stm32g4xx_hal_rcc_ex.o
       788         78          0          0          0       6556   stm32g4xx_hal_tim.o
       184         34          0          0          0       1376   stm32g4xx_hal_tim_ex.o
      2110         90         24          0          0      28352   stm32g4xx_hal_uart.o
       288          6         16          0          0       5146   stm32g4xx_hal_uart_ex.o
        68         16          0          0          0       5660   stm32g4xx_it.o
        16          4         24          4          0       1135   system_stm32g4xx.o
       144         18          0          0         76       1642   tim.o
       284         24          0          0        144       1834   usart.o

    ----------------------------------------------------------------------
     16374       1090       2656        580      16676    1239295   Object Totals
         0          0         32          0          0          0   (incl. Generated)
        30          0          2          3          0          0   (incl. Padding)

    ----------------------------------------------------------------------

      Code (inc. data)   RO Data    RW Data    ZI Data      Debug   Library Member Name

       174          0          0          0          0       2571   arm_bitreversal.o
      2884          0          0          0          0       6486   arm_cfft_radix4_f32.o
       124          0          0          0          0       1574   arm_cfft_radix4_init_f32.o
       232          0          0          0          0       1739   arm_cmplx_mag_f32.o
         0          0      34816          0          0       4961   arm_common_tables.o
       288          0          0          0          0       1362   arm_max_f32.o
        90          0          0          0          0          0   __dczerorl2.o
         8          0          0          0          0         68   __main.o
       352          0          0          0          0         88   __printf_ss_wp.o
        14          0          0          0          0         68   __printf_wp.o
         0          0          0          0          0          0   __rtentry.o
        12          0          0          0          0          0   __rtentry2.o
         6          0          0          0          0          0   __rtentry4.o
        52          8          0          0          0          0   __scatter.o
        28          0          0          0          0          0   __scatter_zi.o
        48          6          0          0          0         96   _printf_char_common.o
         6          0          0          0          0          0   _printf_f.o
      1050          0          0          0          0        216   _printf_fp_dec.o
       128         16          0          0          0         84   _printf_fp_infnan.o
         0          0          0          0          0          0   _printf_percent.o
         4          0          0          0          0          0   _printf_percent_end.o
        22          0          0          0          0        100   _rserrno.o
        10          0          0          0          0         68   _sputc.o
       220          4        148          0          0         96   bigflt0.o
      1910        128          0          0          0        672   btod.o
        12          0          0          0          0         72   exit.o
         6          0          0          0          0        152   heapauxi.o
         0          0          0          0          0          0   indicate_semi.o
        44         10         28          0          0         76   lc_numeric_c.o
         2          0          0          0          0          0   libinit.o
        22          0          0          0          0          0   libinit2.o
         2          0          0          0          0          0   libshutdown.o
         2          0          0          0          0          0   libshutdown2.o
         8          4          0          0         96         68   libspace.o
       138          0          0          0          0         80   lludiv10.o
       238          0          0          0          0        100   lludivv7m.o
        40          6          0          0          0         84   noretval__2sprintf.o
         8          4          0          0          0         68   rt_errno_addr_intlibspace.o
         8          4          0          0          0         68   rt_locale_intlibspace.o
        78          0          0          0          0         80   rt_memclr_w.o
         2          0          0          0          0          0   rtexit.o
        10          0          0          0          0          0   rtexit2.o
       128          0          0          0          0         68   strcmpv7m.o
        62          0          0          0          0         76   strlen.o
        12          4          0          0          0         68   sys_exit.o
        74          0          0          0          0         80   sys_stackheap_outer.o
         2          0          0          0          0         68   use_no_semi.o
        98          4          0          0          0        140   d2f.o
       804         16          0          0          0        368   daddsub_clz.o
        24          0          0          0          0        116   dcmpi.o
       688        140          0          0          0        256   ddiv.o
        38          0          0          0          0        116   dflt_clz.o
       120          4          0          0          0        140   dleqf.o
       340         12          0          0          0        152   dmul.o
       156          4          0          0          0        140   dnaninf.o
        12          0          0          0          0        116   dretinf.o
       108          0          0          0          0        128   drleqf.o
       408         56          0          0          0        168   dsqrt_umaal.o
        86          4          0          0          0        132   f2d.o
        36          0          0          0          0        232   faddsub_clz.o
        84          0          0          0          0        244   fcmp.o
        24          0          0          0          0        116   fcmpi.o
        48          4          0          0          0        132   feqf.o
        48          4          0          0          0        132   fgeqf.o
        48          4          0          0          0        132   fleqf.o
        18          0          0          0          0        116   fmul.o
       140          4          0          0          0        132   fnaninf.o
        10          0          0          0          0        116   fpinit.o
        10          0          0          0          0        116   fretinf.o
         4          0          0          0          0        116   printf1.o
         0          0          0          0          0          0   usenofp.o
        48          0          0          0          0        124   fpclassify.o
       122          0          0          0          0        148   sqrt.o
        62          0          0          0          0        136   sqrtf.o

    ----------------------------------------------------------------------
     12166        450      34992          0         96      25421   Library Totals
        22          0          0          0          0          0   (incl. Padding)

    ----------------------------------------------------------------------

      Code (inc. data)   RO Data    RW Data    ZI Data      Debug   Library Name

      3702          0      34816          0          0      18693   arm_cortexM4l_math.lib
      4858        194        176          0         96       2764   c_w.l
      3352        256          0          0          0       3556   fz_wm.l
       232          0          0          0          0        408   m_wm.l

    ----------------------------------------------------------------------
     12166        450      34992          0         96      25421   Library Totals

    ----------------------------------------------------------------------

==============================================================================


      Code (inc. data)   RO Data    RW Data    ZI Data      Debug   

     28540       1540      37648        580      16772    1246844   Grand Totals
     28540       1540      37648        444      16772    1246844   ELF Image Totals (compressed)
     28540       1540      37648        444          0          0   ROM Totals

==============================================================================

    Total RO  Size (Code + RO Data)                66188 (  64.64kB)
    Total RW  Size (RW Data + ZI Data)             17352 (  16.95kB)
    Total ROM Size (Code + RO Data + RW Data)      66632 (  65.07kB)

==============================================================================

